LINUX RAW PREVIOUS BOOT LOG
================================================================================
Hostname: ip-172-31-21-130
Collection Time: 2026-08-21 16:25:49.375313
================================================================================

Aug 21 16:24:03 ip-172-31-21-130 kernel: Linux version 7.0.0-1010-aws (buildd@lcy02-amd64-063) (x86_64-linux-gnu-gcc-13 (Ubuntu 13.3.0-6ubuntu2~24.04.1) 13.3.0, GNU ld (GNU Binutils for Ubuntu) 2.42) #10~24.04.1-Ubuntu SMP PREEMPT Mon Jul 27 17:41:33 UTC 2026 (Ubuntu 7.0.0-1010.10~24.04.1-aws 7.0.12)
Aug 21 16:24:03 ip-172-31-21-130 kernel: Command line: elfcorehdr=0xd0000000 BOOT_IMAGE=/vmlinuz-7.0.0-1010-aws root=PARTUUID=fe814a98-f7fd-4c3d-9642-c18fe64c6e5d ro console=tty1 console=ttyS0 nvme_core.io_timeout=4294967295 panic=-1 reset_devices systemd.unit=kdump-tools-dump.service nr_cpus=1 irqpoll usbcore.nousb
Aug 21 16:24:03 ip-172-31-21-130 kernel: KERNEL supported cpus:
Aug 21 16:24:03 ip-172-31-21-130 kernel:   Intel GenuineIntel
Aug 21 16:24:03 ip-172-31-21-130 kernel:   AMD AuthenticAMD
Aug 21 16:24:03 ip-172-31-21-130 kernel:   Hygon HygonGenuine
Aug 21 16:24:03 ip-172-31-21-130 kernel:   Centaur CentaurHauls
Aug 21 16:24:03 ip-172-31-21-130 kernel:   zhaoxin   Shanghai  
Aug 21 16:24:03 ip-172-31-21-130 kernel: x86/CPU: Model not found in latest microcode list
Aug 21 16:24:03 ip-172-31-21-130 kernel: BIOS-provided physical RAM map:
Aug 21 16:24:03 ip-172-31-21-130 kernel: BIOS-e820: [mem 0x0000000000000000-0x0000000000000fff]  device reserved
Aug 21 16:24:03 ip-172-31-21-130 kernel: BIOS-e820: [mem 0x0000000000001000-0x000000000009dfff]  System RAM
Aug 21 16:24:03 ip-172-31-21-130 kernel: BIOS-e820: [mem 0x000000000009e000-0x000000000009ffff]  device reserved
Aug 21 16:24:03 ip-172-31-21-130 kernel: BIOS-e820: [gap 0x00000000000a0000-0x00000000000dffff]
Aug 21 16:24:03 ip-172-31-21-130 kernel: BIOS-e820: [mem 0x00000000000e0000-0x00000000000fffff]  device reserved
Aug 21 16:24:03 ip-172-31-21-130 kernel: BIOS-e820: [gap 0x0000000000100000-0x00000000d00e00af]
Aug 21 16:24:03 ip-172-31-21-130 kernel: BIOS-e820: [mem 0x00000000d00e00b0-0x00000000efffffff]  System RAM
Aug 21 16:24:03 ip-172-31-21-130 kernel: BIOS-e820: [gap 0x00000000f0000000-0x00000000fbffffff]
Aug 21 16:24:03 ip-172-31-21-130 kernel: BIOS-e820: [mem 0x00000000fc000000-0x00000000ffffffff]  device reserved
Aug 21 16:24:03 ip-172-31-21-130 kernel: random: crng init done
Aug 21 16:24:03 ip-172-31-21-130 kernel: NX (Execute Disable) protection: active
Aug 21 16:24:03 ip-172-31-21-130 kernel: APIC: Static calls initialized
Aug 21 16:24:03 ip-172-31-21-130 kernel: SMBIOS 2.7 present.
Aug 21 16:24:03 ip-172-31-21-130 kernel: DMI: Xen HVM domU, BIOS 4.11.amazon 08/24/2006
Aug 21 16:24:03 ip-172-31-21-130 kernel: DMI: Memory slots populated: 1/1
Aug 21 16:24:03 ip-172-31-21-130 kernel: Hypervisor detected: Xen HVM
Aug 21 16:24:03 ip-172-31-21-130 kernel: Xen version 4.11.
Aug 21 16:24:03 ip-172-31-21-130 kernel: platform_pci_unplug: Netfront and the Xen platform PCI driver have been compiled for this kernel: unplug emulated NICs.
Aug 21 16:24:03 ip-172-31-21-130 kernel: platform_pci_unplug: Blkfront and the Xen platform PCI driver have been compiled for this kernel: unplug emulated disks.
                                         You might have to change the root device
                                         from /dev/hd[a-d] to /dev/xvd[a-d]
                                         in your root= kernel command line option
Aug 21 16:24:03 ip-172-31-21-130 kernel: HVMOP_pagetable_dying not supported
Aug 21 16:24:03 ip-172-31-21-130 kernel: tsc: Detected 2299.998 MHz processor
Aug 21 16:24:03 ip-172-31-21-130 kernel: e820: update [mem 0x00000000-0x00000fff] System RAM ==> device reserved
Aug 21 16:24:03 ip-172-31-21-130 kernel: e820: remove [mem 0x000a0000-0x000fffff] System RAM
Aug 21 16:24:03 ip-172-31-21-130 kernel: last_pfn = 0xf0000 max_arch_pfn = 0x400000000
Aug 21 16:24:03 ip-172-31-21-130 kernel: MTRR map: 4 entries (3 fixed + 1 variable; max 19), built from 8 variable MTRRs
Aug 21 16:24:03 ip-172-31-21-130 kernel: x86/PAT: Configuration [0-7]: WB  WC  UC- UC  WB  WP  UC- WT  
Aug 21 16:24:03 ip-172-31-21-130 kernel: x2apic: enabled by BIOS, switching to x2apic ops
Aug 21 16:24:03 ip-172-31-21-130 kernel: found SMP MP-table at [mem 0x000fbb70-0x000fbb7f]
Aug 21 16:24:03 ip-172-31-21-130 kernel: RAMDISK: [mem 0xea754000-0xeb9fffff]
Aug 21 16:24:03 ip-172-31-21-130 kernel: ACPI: Early table checksum verification disabled
Aug 21 16:24:03 ip-172-31-21-130 kernel: ACPI: RSDP 0x00000000000EA020 000024 (v02 Xen   )
Aug 21 16:24:03 ip-172-31-21-130 kernel: ACPI: XSDT 0x00000000FC00D4F0 00005C (v01 Xen    HVM      00000000 HVML 00000000)
Aug 21 16:24:03 ip-172-31-21-130 kernel: ACPI: FACP 0x00000000FC00D3F0 0000F4 (v04 Xen    HVM      00000000 HVML 00000000)
Aug 21 16:24:03 ip-172-31-21-130 kernel: ACPI: DSDT 0x00000000FC001000 00BD14 (v02 Xen    HVM      00000000 INTL 20090123)
Aug 21 16:24:03 ip-172-31-21-130 kernel: ACPI: FACS 0x00000000FC00D2F0 000040
Aug 21 16:24:03 ip-172-31-21-130 kernel: ACPI: FACS 0x00000000FC00D2F0 000040
Aug 21 16:24:03 ip-172-31-21-130 kernel: ACPI: SSDT 0x00000000FC00CD20 000033 (v02 Xen    HVM      00000000 INTL 20090123)
Aug 21 16:24:03 ip-172-31-21-130 kernel: ACPI: SSDT 0x00000000FC00CD60 000031 (v02 Xen    HVM      00000000 INTL 20090123)
Aug 21 16:24:03 ip-172-31-21-130 kernel: ACPI: APIC 0x00000000FC00CDA0 0000D8 (v02 Xen    HVM      00000000 HVML 00000000)
Aug 21 16:24:03 ip-172-31-21-130 kernel: ACPI: HPET 0x00000000FC00D280 000038 (v01 Xen    HVM      00000000 HVML 00000000)
Aug 21 16:24:03 ip-172-31-21-130 kernel: ACPI: WAET 0x00000000FC00D2C0 000028 (v01 Xen    HVM      00000000 HVML 00000000)
Aug 21 16:24:03 ip-172-31-21-130 kernel: ACPI: Reserving FACP table memory at [mem 0xfc00d3f0-0xfc00d4e3]
Aug 21 16:24:03 ip-172-31-21-130 kernel: ACPI: Reserving DSDT table memory at [mem 0xfc001000-0xfc00cd13]
Aug 21 16:24:03 ip-172-31-21-130 kernel: ACPI: Reserving FACS table memory at [mem 0xfc00d2f0-0xfc00d32f]
Aug 21 16:24:03 ip-172-31-21-130 kernel: ACPI: Reserving FACS table memory at [mem 0xfc00d2f0-0xfc00d32f]
Aug 21 16:24:03 ip-172-31-21-130 kernel: ACPI: Reserving SSDT table memory at [mem 0xfc00cd20-0xfc00cd52]
Aug 21 16:24:03 ip-172-31-21-130 kernel: ACPI: Reserving SSDT table memory at [mem 0xfc00cd60-0xfc00cd90]
Aug 21 16:24:03 ip-172-31-21-130 kernel: ACPI: Reserving APIC table memory at [mem 0xfc00cda0-0xfc00ce77]
Aug 21 16:24:03 ip-172-31-21-130 kernel: ACPI: Reserving HPET table memory at [mem 0xfc00d280-0xfc00d2b7]
Aug 21 16:24:03 ip-172-31-21-130 kernel: ACPI: Reserving WAET table memory at [mem 0xfc00d2c0-0xfc00d2e7]
Aug 21 16:24:03 ip-172-31-21-130 kernel: APIC: Switched APIC routing to: cluster x2apic
Aug 21 16:24:03 ip-172-31-21-130 kernel: No NUMA configuration found
Aug 21 16:24:03 ip-172-31-21-130 kernel: Faking a node at [mem 0x0000000000000000-0x00000000efffffff]
Aug 21 16:24:03 ip-172-31-21-130 kernel: NODE_DATA(0) allocated [mem 0xeffcf440-0xefffa1bf]
Aug 21 16:24:03 ip-172-31-21-130 kernel: ACPI: PM-Timer IO Port: 0xb008
Aug 21 16:24:03 ip-172-31-21-130 kernel: CPU topo: CPU limit of 1 reached. Ignoring further CPUs
Aug 21 16:24:03 ip-172-31-21-130 kernel: IOAPIC[0]: apic_id 1, version 17, address 0xfec00000, GSI 0-47
Aug 21 16:24:03 ip-172-31-21-130 kernel: ACPI: INT_SRC_OVR (bus 0 bus_irq 0 global_irq 2 dfl dfl)
Aug 21 16:24:03 ip-172-31-21-130 kernel: ACPI: INT_SRC_OVR (bus 0 bus_irq 5 global_irq 5 low level)
Aug 21 16:24:03 ip-172-31-21-130 kernel: ACPI: INT_SRC_OVR (bus 0 bus_irq 10 global_irq 10 low level)
Aug 21 16:24:03 ip-172-31-21-130 kernel: ACPI: INT_SRC_OVR (bus 0 bus_irq 11 global_irq 11 low level)
Aug 21 16:24:03 ip-172-31-21-130 kernel: ACPI: Using ACPI (MADT) for SMP configuration information
Aug 21 16:24:03 ip-172-31-21-130 kernel: ACPI: HPET id: 0x8086a201 base: 0xfed00000
Aug 21 16:24:03 ip-172-31-21-130 kernel: TSC deadline timer available
Aug 21 16:24:03 ip-172-31-21-130 kernel: CPU topo: 14 possible CPUs exceed the limit of 1
Aug 21 16:24:03 ip-172-31-21-130 kernel: CPU topo: Max. logical packages:   1
Aug 21 16:24:03 ip-172-31-21-130 kernel: CPU topo: Max. logical nodes:      1
Aug 21 16:24:03 ip-172-31-21-130 kernel: CPU topo: Num. nodes per package:  1
Aug 21 16:24:03 ip-172-31-21-130 kernel: CPU topo: Max. logical dies:       1
Aug 21 16:24:03 ip-172-31-21-130 kernel: CPU topo: Max. dies per package:   1
Aug 21 16:24:03 ip-172-31-21-130 kernel: CPU topo: Max. threads per core:   1
Aug 21 16:24:03 ip-172-31-21-130 kernel: CPU topo: Num. cores per package:     1
Aug 21 16:24:03 ip-172-31-21-130 kernel: CPU topo: Num. threads per package:   1
Aug 21 16:24:03 ip-172-31-21-130 kernel: CPU topo: Allowing 1 present CPUs plus 0 hotplug CPUs
Aug 21 16:24:03 ip-172-31-21-130 kernel: CPU topo: Rejected CPUs 1
Aug 21 16:24:03 ip-172-31-21-130 kernel: PM: hibernation: Registered nosave memory: [mem 0x00000000-0x00000fff]
Aug 21 16:24:03 ip-172-31-21-130 kernel: PM: hibernation: Registered nosave memory: [mem 0x0009e000-0xd00e0fff]
Aug 21 16:24:03 ip-172-31-21-130 kernel: [gap 0x00100000-0xd00e00af] available for PCI devices
Aug 21 16:24:03 ip-172-31-21-130 kernel: Booting paravirtualized kernel on Xen HVM
Aug 21 16:24:03 ip-172-31-21-130 kernel: clocksource: refined-jiffies: mask: 0xffffffff max_cycles: 0xffffffff, max_idle_ns: 1910969940391419 ns
Aug 21 16:24:03 ip-172-31-21-130 kernel: Zone ranges:
Aug 21 16:24:03 ip-172-31-21-130 kernel:   DMA      [mem 0x0000000000001000-0x0000000000ffffff]
Aug 21 16:24:03 ip-172-31-21-130 kernel:   DMA32    [mem 0x0000000001000000-0x00000000efffffff]
Aug 21 16:24:03 ip-172-31-21-130 kernel:   Normal   empty
Aug 21 16:24:03 ip-172-31-21-130 kernel:   Device   empty
Aug 21 16:24:03 ip-172-31-21-130 kernel: Movable zone start for each node
Aug 21 16:24:03 ip-172-31-21-130 kernel: Early memory node ranges
Aug 21 16:24:03 ip-172-31-21-130 kernel:   node   0: [mem 0x0000000000001000-0x000000000009dfff]
Aug 21 16:24:03 ip-172-31-21-130 kernel:   node   0: [mem 0x00000000d00e1000-0x00000000efffffff]
Aug 21 16:24:03 ip-172-31-21-130 kernel: Initmem setup node 0 [mem 0x0000000000001000-0x00000000efffffff]
Aug 21 16:24:03 ip-172-31-21-130 kernel: On node 0, zone DMA: 1 pages in unavailable ranges
Aug 21 16:24:03 ip-172-31-21-130 kernel: On node 0, zone DMA32: 32835 pages in unavailable ranges
Aug 21 16:24:03 ip-172-31-21-130 kernel: setup_percpu: NR_CPUS:8192 nr_cpumask_bits:1 nr_cpu_ids:1 nr_node_ids:1
Aug 21 16:24:03 ip-172-31-21-130 kernel: percpu: Embedded 85 pages/cpu s225280 r8192 d114688 u2097152
Aug 21 16:24:03 ip-172-31-21-130 kernel: pcpu-alloc: s225280 r8192 d114688 u2097152 alloc=1*2097152
Aug 21 16:24:03 ip-172-31-21-130 kernel: pcpu-alloc: [0] 0 
Aug 21 16:24:03 ip-172-31-21-130 kernel: xen: PV spinlocks disabled
Aug 21 16:24:03 ip-172-31-21-130 kernel: Kernel command line: elfcorehdr=0xd0000000 BOOT_IMAGE=/vmlinuz-7.0.0-1010-aws root=PARTUUID=fe814a98-f7fd-4c3d-9642-c18fe64c6e5d ro console=tty1 console=ttyS0 nvme_core.io_timeout=4294967295 panic=-1 reset_devices systemd.unit=kdump-tools-dump.service nr_cpus=1 irqpoll usbcore.nousb
Aug 21 16:24:03 ip-172-31-21-130 kernel: Misrouted IRQ fixup and polling support enabled
Aug 21 16:24:03 ip-172-31-21-130 kernel: This may significantly impact system performance
Aug 21 16:24:03 ip-172-31-21-130 kernel: printk: log buffer data + meta data: 262144 + 1114112 = 1376256 bytes
Aug 21 16:24:03 ip-172-31-21-130 kernel: Dentry cache hash table entries: 65536 (order: 7, 524288 bytes, linear)
Aug 21 16:24:03 ip-172-31-21-130 kernel: Inode-cache hash table entries: 32768 (order: 6, 262144 bytes, linear)
Aug 21 16:24:03 ip-172-31-21-130 kernel: Fallback order for Node 0: 0 
Aug 21 16:24:03 ip-172-31-21-130 kernel: Built 1 zonelists, mobility grouping on.  Total pages: 131004
Aug 21 16:24:03 ip-172-31-21-130 kernel: Policy zone: DMA32
Aug 21 16:24:03 ip-172-31-21-130 kernel: mem auto-init: stack:all(zero), heap alloc:on, heap free:off
Aug 21 16:24:03 ip-172-31-21-130 kernel: KHO: Failed to reserve nid 0 scratch buffer
Aug 21 16:24:03 ip-172-31-21-130 kernel: KHO: Failed to reserve scratch area, disabling kexec handover
Aug 21 16:24:03 ip-172-31-21-130 kernel: SLUB: HWalign=64, Order=0-3, MinObjects=0, CPUs=1, Nodes=1
Aug 21 16:24:03 ip-172-31-21-130 kernel: Kernel/User page tables isolation: enabled
Aug 21 16:24:03 ip-172-31-21-130 kernel: ftrace section at ffffffff8b934260 sorted properly
Aug 21 16:24:03 ip-172-31-21-130 kernel: ftrace: allocating 63844 entries in 252 pages
Aug 21 16:24:03 ip-172-31-21-130 kernel: ftrace: allocated 252 pages with 6 groups
Aug 21 16:24:03 ip-172-31-21-130 kernel: rcu: Hierarchical RCU implementation.
Aug 21 16:24:03 ip-172-31-21-130 kernel: rcu:         RCU restricting CPUs from NR_CPUS=8192 to nr_cpu_ids=1.
Aug 21 16:24:03 ip-172-31-21-130 kernel:         Trampoline variant of Tasks RCU enabled.
Aug 21 16:24:03 ip-172-31-21-130 kernel:         Rude variant of Tasks RCU enabled.
Aug 21 16:24:03 ip-172-31-21-130 kernel:         Tracing variant of Tasks RCU enabled.
Aug 21 16:24:03 ip-172-31-21-130 kernel: rcu: RCU calculated value of scheduler-enlistment delay is 100 jiffies.
Aug 21 16:24:03 ip-172-31-21-130 kernel: rcu: Adjusting geometry for rcu_fanout_leaf=16, nr_cpu_ids=1
Aug 21 16:24:03 ip-172-31-21-130 kernel: RCU Tasks: Setting shift to 0 and lim to 1 rcu_task_cb_adjust=1 rcu_task_cpu_ids=1.
Aug 21 16:24:03 ip-172-31-21-130 kernel: RCU Tasks Rude: Setting shift to 0 and lim to 1 rcu_task_cb_adjust=1 rcu_task_cpu_ids=1.
Aug 21 16:24:03 ip-172-31-21-130 kernel: NR_IRQS: 524544, nr_irqs: 256, preallocated irqs: 16
Aug 21 16:24:03 ip-172-31-21-130 kernel: xen:events: Using 2-level ABI
Aug 21 16:24:03 ip-172-31-21-130 kernel: xen:events: Xen HVM callback vector for event delivery is enabled
Aug 21 16:24:03 ip-172-31-21-130 kernel: rcu: srcu_init: Setting srcu_struct sizes based on contention.
Aug 21 16:24:03 ip-172-31-21-130 kernel: Console: colour dummy device 80x25
Aug 21 16:24:03 ip-172-31-21-130 kernel: printk: legacy console [tty1] enabled
Aug 21 16:24:03 ip-172-31-21-130 kernel: Cannot get hvm parameter CONSOLE_EVTCHN (18): -22!
Aug 21 16:24:03 ip-172-31-21-130 kernel: printk: legacy console [ttyS0] enabled
Aug 21 16:24:03 ip-172-31-21-130 kernel: ACPI: Core revision 20251212
Aug 21 16:24:03 ip-172-31-21-130 kernel: clocksource: hpet: mask: 0xffffffff max_cycles: 0xffffffff, max_idle_ns: 30580167144 ns
Aug 21 16:24:03 ip-172-31-21-130 kernel: APIC: Switch to symmetric I/O mode setup
Aug 21 16:24:03 ip-172-31-21-130 kernel: APIC: Switched APIC routing to: physical x2apic
Aug 21 16:24:03 ip-172-31-21-130 kernel: ..TIMER: vector=0x30 apic1=0 pin1=2 apic2=0 pin2=0
Aug 21 16:24:03 ip-172-31-21-130 kernel: clocksource: tsc-early: mask: 0xffffffffffffffff max_cycles: 0x212733415c7, max_idle_ns: 440795236380 ns
Aug 21 16:24:03 ip-172-31-21-130 kernel: Calibrating delay loop (skipped), value calculated using timer frequency.. 4599.99 BogoMIPS (lpj=2299998)
Aug 21 16:24:03 ip-172-31-21-130 kernel: Last level iTLB entries: 4KB 64, 2MB 8, 4MB 8
Aug 21 16:24:03 ip-172-31-21-130 kernel: Last level dTLB entries: 4KB 64, 2MB 32, 4MB 32, 1GB 4
Aug 21 16:24:03 ip-172-31-21-130 kernel: mitigations: Enabled attack vectors: user_kernel, user_user, guest_host, guest_guest, SMT mitigations: auto
Aug 21 16:24:03 ip-172-31-21-130 kernel: Speculative Store Bypass: Vulnerable
Aug 21 16:24:03 ip-172-31-21-130 kernel: Spectre V2 : Mitigation: Retpolines
Aug 21 16:24:03 ip-172-31-21-130 kernel: ITS: Mitigation: Aligned branch/return thunks
Aug 21 16:24:03 ip-172-31-21-130 kernel: MDS: Vulnerable: Clear CPU buffers attempted, no microcode
Aug 21 16:24:03 ip-172-31-21-130 kernel: MMIO Stale Data: Vulnerable: Clear CPU buffers attempted, no microcode
Aug 21 16:24:03 ip-172-31-21-130 kernel: Spectre V1 : Mitigation: usercopy/swapgs barriers and __user pointer sanitization
Aug 21 16:24:03 ip-172-31-21-130 kernel: Spectre V2 : Spectre v2 / SpectreRSB: Filling RSB on context switch and VMEXIT
Aug 21 16:24:03 ip-172-31-21-130 kernel: active return thunk: its_return_thunk
Aug 21 16:24:03 ip-172-31-21-130 kernel: x86/fpu: Supporting XSAVE feature 0x001: 'x87 floating point registers'
Aug 21 16:24:03 ip-172-31-21-130 kernel: x86/fpu: Supporting XSAVE feature 0x002: 'SSE registers'
Aug 21 16:24:03 ip-172-31-21-130 kernel: x86/fpu: Supporting XSAVE feature 0x004: 'AVX registers'
Aug 21 16:24:03 ip-172-31-21-130 kernel: x86/fpu: xstate_offset[2]:  576, xstate_sizes[2]:  256
Aug 21 16:24:03 ip-172-31-21-130 kernel: x86/fpu: Enabled xstate features 0x7, context size is 832 bytes, using 'standard' format.
Aug 21 16:24:03 ip-172-31-21-130 kernel: Freeing SMP alternatives memory: 56K
Aug 21 16:24:03 ip-172-31-21-130 kernel: pid_max: default: 32768 minimum: 301
Aug 21 16:24:03 ip-172-31-21-130 kernel: landlock: Up and running.
Aug 21 16:24:03 ip-172-31-21-130 kernel: Yama: becoming mindful.
Aug 21 16:24:03 ip-172-31-21-130 kernel: AppArmor: AppArmor initialized
Aug 21 16:24:03 ip-172-31-21-130 kernel: AppArmor: AppArmor secmark mediation reserved: ready to be enabled
Aug 21 16:24:03 ip-172-31-21-130 kernel: Mount-cache hash table entries: 1024 (order: 1, 8192 bytes, linear)
Aug 21 16:24:03 ip-172-31-21-130 kernel: Mountpoint-cache hash table entries: 1024 (order: 1, 8192 bytes, linear)
Aug 21 16:24:03 ip-172-31-21-130 kernel: VFS: Finished mounting rootfs on nullfs
Aug 21 16:24:03 ip-172-31-21-130 kernel: clocksource: xen: mask: 0xffffffffffffffff max_cycles: 0x1cd42e4dffb, max_idle_ns: 881590591483 ns
Aug 21 16:24:03 ip-172-31-21-130 kernel: Xen: using vcpuop timer interface
Aug 21 16:24:03 ip-172-31-21-130 kernel: installing Xen timer for CPU 0
Aug 21 16:24:03 ip-172-31-21-130 kernel: smpboot: CPU0: Intel(R) Xeon(R) CPU E5-2686 v4 @ 2.30GHz (family: 0x6, model: 0x4f, stepping: 0x1)
Aug 21 16:24:03 ip-172-31-21-130 kernel: Performance Events: unsupported CPU family 6 model 79 no PMU driver, software events only.
Aug 21 16:24:03 ip-172-31-21-130 kernel: signal: max sigframe size: 1776
Aug 21 16:24:03 ip-172-31-21-130 kernel: rcu: Hierarchical SRCU implementation.
Aug 21 16:24:03 ip-172-31-21-130 kernel: rcu:         Max phase no-delay instances is 400.
Aug 21 16:24:03 ip-172-31-21-130 kernel: NMI watchdog: Perf NMI watchdog permanently disabled
Aug 21 16:24:03 ip-172-31-21-130 kernel: smp: Bringing up secondary CPUs ...
Aug 21 16:24:03 ip-172-31-21-130 kernel: smp: Brought up 1 node, 1 CPU
Aug 21 16:24:03 ip-172-31-21-130 kernel: smpboot: Total of 1 processors activated (4599.99 BogoMIPS)
Aug 21 16:24:03 ip-172-31-21-130 kernel: Memory: 426664K/524016K available (23130K kernel code, 4948K rwdata, 16388K rodata, 5412K init, 5744K bss, 90728K reserved, 0K cma-reserved)
Aug 21 16:24:03 ip-172-31-21-130 kernel: devtmpfs: initialized
Aug 21 16:24:03 ip-172-31-21-130 kernel: x86/mm: Memory block size: 128MB
Aug 21 16:24:03 ip-172-31-21-130 kernel: clocksource: jiffies: mask: 0xffffffff max_cycles: 0xffffffff, max_idle_ns: 1911260446275000 ns
Aug 21 16:24:03 ip-172-31-21-130 kernel: posixtimers hash table entries: 512 (order: 1, 8192 bytes, linear)
Aug 21 16:24:03 ip-172-31-21-130 kernel: futex hash table entries: 256 (16384 bytes on 1 NUMA nodes, total 16 KiB, linear).
Aug 21 16:24:03 ip-172-31-21-130 kernel: PM: RTC time: 16:24:01, date: 2026-08-21
Aug 21 16:24:03 ip-172-31-21-130 kernel: NET: Registered PF_NETLINK/PF_ROUTE protocol family
Aug 21 16:24:03 ip-172-31-21-130 kernel: DMA: preallocated 128 KiB GFP_KERNEL|GFP_DMA32 pool for atomic allocations
Aug 21 16:24:03 ip-172-31-21-130 kernel: audit: initializing netlink subsys (disabled)
Aug 21 16:24:03 ip-172-31-21-130 kernel: thermal_sys: Registered thermal governor 'fair_share'
Aug 21 16:24:03 ip-172-31-21-130 kernel: thermal_sys: Registered thermal governor 'bang_bang'
Aug 21 16:24:03 ip-172-31-21-130 kernel: thermal_sys: Registered thermal governor 'step_wise'
Aug 21 16:24:03 ip-172-31-21-130 kernel: thermal_sys: Registered thermal governor 'user_space'
Aug 21 16:24:03 ip-172-31-21-130 kernel: thermal_sys: Registered thermal governor 'power_allocator'
Aug 21 16:24:03 ip-172-31-21-130 kernel: audit: type=2000 audit(1787329441.489:1): state=initialized audit_enabled=0 res=1
Aug 21 16:24:03 ip-172-31-21-130 kernel: cpuidle: using governor ladder
Aug 21 16:24:03 ip-172-31-21-130 kernel: cpuidle: using governor menu
Aug 21 16:24:03 ip-172-31-21-130 kernel: acpiphp: ACPI Hot Plug PCI Controller Driver version: 0.5
Aug 21 16:24:03 ip-172-31-21-130 kernel: PCI: Using configuration type 1 for base access
Aug 21 16:24:03 ip-172-31-21-130 kernel: kprobes: kprobe jump-optimization is enabled. All kprobes are optimized if possible.
Aug 21 16:24:03 ip-172-31-21-130 kernel: HugeTLB: registered 2.00 MiB page size, pre-allocated 0 pages
Aug 21 16:24:03 ip-172-31-21-130 kernel: HugeTLB: 28 KiB vmemmap can be freed for a 2.00 MiB page
Aug 21 16:24:03 ip-172-31-21-130 kernel: fbcon: Taking over console
Aug 21 16:24:03 ip-172-31-21-130 kernel: ACPI: Added _OSI(Module Device)
Aug 21 16:24:03 ip-172-31-21-130 kernel: ACPI: Added _OSI(Processor Device)
Aug 21 16:24:03 ip-172-31-21-130 kernel: ACPI: Added _OSI(Processor Aggregator Device)
Aug 21 16:24:03 ip-172-31-21-130 kernel: ACPI: 3 ACPI AML tables successfully acquired and loaded
Aug 21 16:24:03 ip-172-31-21-130 kernel: xen: --> pirq=16 -> irq=9 (gsi=9)
Aug 21 16:24:03 ip-172-31-21-130 kernel: ACPI: \_SB_: platform _OSC: OS support mask [006e7eff]
Aug 21 16:24:03 ip-172-31-21-130 kernel: ACPI: Interpreter enabled
Aug 21 16:24:03 ip-172-31-21-130 kernel: ACPI: PM: (supports S0 S4 S5)
Aug 21 16:24:03 ip-172-31-21-130 kernel: ACPI: Using IOAPIC for interrupt routing
Aug 21 16:24:03 ip-172-31-21-130 kernel: PCI: Using host bridge windows from ACPI; if necessary, use "pci=nocrs" and report a bug
Aug 21 16:24:03 ip-172-31-21-130 kernel: PCI: Using E820 reservations for host bridge windows
Aug 21 16:24:03 ip-172-31-21-130 kernel: ACPI: Enabled 2 GPEs in block 00 to 0F
Aug 21 16:24:03 ip-172-31-21-130 kernel: ACPI: PCI Root Bridge [PCI0] (domain 0000 [bus 00-ff])
Aug 21 16:24:03 ip-172-31-21-130 kernel: acpi PNP0A03:00: _OSC: OS supports [ASPM ClockPM Segments MSI EDR HPX-Type3]
Aug 21 16:24:03 ip-172-31-21-130 kernel: acpi PNP0A03:00: _OSC: not requesting OS control; OS requires [ExtendedConfig ASPM ClockPM MSI]
Aug 21 16:24:03 ip-172-31-21-130 kernel: acpi PNP0A03:00: _OSC: platform retains control of PCIe features (AE_ERROR)
Aug 21 16:24:03 ip-172-31-21-130 kernel: acpi PNP0A03:00: fail to add MMCONFIG information, can't access extended configuration space under this bridge
Aug 21 16:24:03 ip-172-31-21-130 kernel: acpiphp: Slot [0] registered
Aug 21 16:24:03 ip-172-31-21-130 kernel: acpiphp: Slot [3] registered
Aug 21 16:24:03 ip-172-31-21-130 kernel: acpiphp: Slot [4] registered
Aug 21 16:24:03 ip-172-31-21-130 kernel: acpiphp: Slot [5] registered
Aug 21 16:24:03 ip-172-31-21-130 kernel: acpiphp: Slot [6] registered
Aug 21 16:24:03 ip-172-31-21-130 kernel: acpiphp: Slot [7] registered
Aug 21 16:24:03 ip-172-31-21-130 kernel: acpiphp: Slot [8] registered
Aug 21 16:24:03 ip-172-31-21-130 kernel: acpiphp: Slot [9] registered
Aug 21 16:24:03 ip-172-31-21-130 kernel: acpiphp: Slot [10] registered
Aug 21 16:24:03 ip-172-31-21-130 kernel: acpiphp: Slot [11] registered
Aug 21 16:24:03 ip-172-31-21-130 kernel: acpiphp: Slot [12] registered
Aug 21 16:24:03 ip-172-31-21-130 kernel: acpiphp: Slot [13] registered
Aug 21 16:24:03 ip-172-31-21-130 kernel: acpiphp: Slot [14] registered
Aug 21 16:24:03 ip-172-31-21-130 kernel: acpiphp: Slot [15] registered
Aug 21 16:24:03 ip-172-31-21-130 kernel: acpiphp: Slot [16] registered
Aug 21 16:24:03 ip-172-31-21-130 kernel: acpiphp: Slot [17] registered
Aug 21 16:24:03 ip-172-31-21-130 kernel: acpiphp: Slot [18] registered
Aug 21 16:24:03 ip-172-31-21-130 kernel: acpiphp: Slot [19] registered
Aug 21 16:24:03 ip-172-31-21-130 kernel: acpiphp: Slot [20] registered
Aug 21 16:24:03 ip-172-31-21-130 kernel: acpiphp: Slot [21] registered
Aug 21 16:24:03 ip-172-31-21-130 kernel: acpiphp: Slot [22] registered
Aug 21 16:24:03 ip-172-31-21-130 kernel: acpiphp: Slot [23] registered
Aug 21 16:24:03 ip-172-31-21-130 kernel: acpiphp: Slot [24] registered
Aug 21 16:24:03 ip-172-31-21-130 kernel: acpiphp: Slot [25] registered
Aug 21 16:24:03 ip-172-31-21-130 kernel: acpiphp: Slot [26] registered
Aug 21 16:24:03 ip-172-31-21-130 kernel: acpiphp: Slot [27] registered
Aug 21 16:24:03 ip-172-31-21-130 kernel: acpiphp: Slot [28] registered
Aug 21 16:24:03 ip-172-31-21-130 kernel: acpiphp: Slot [29] registered
Aug 21 16:24:03 ip-172-31-21-130 kernel: acpiphp: Slot [30] registered
Aug 21 16:24:03 ip-172-31-21-130 kernel: acpiphp: Slot [31] registered
Aug 21 16:24:03 ip-172-31-21-130 kernel: PCI host bridge to bus 0000:00
Aug 21 16:24:03 ip-172-31-21-130 kernel: pci_bus 0000:00: root bus resource [io  0x0000-0x0cf7 window]
Aug 21 16:24:03 ip-172-31-21-130 kernel: pci_bus 0000:00: root bus resource [io  0x0d00-0xffff window]
Aug 21 16:24:03 ip-172-31-21-130 kernel: pci_bus 0000:00: root bus resource [mem 0x000a0000-0x000bffff window]
Aug 21 16:24:03 ip-172-31-21-130 kernel: pci_bus 0000:00: root bus resource [mem 0xf0000000-0xffffffff window]
Aug 21 16:24:03 ip-172-31-21-130 kernel: pci_bus 0000:00: root bus resource [bus 00-ff]
Aug 21 16:24:03 ip-172-31-21-130 kernel: pci 0000:00:00.0: [8086:1237] type 00 class 0x060000 conventional PCI endpoint
Aug 21 16:24:03 ip-172-31-21-130 kernel: pci 0000:00:01.0: [8086:7000] type 00 class 0x060100 conventional PCI endpoint
Aug 21 16:24:03 ip-172-31-21-130 kernel: pci 0000:00:01.1: [8086:7010] type 00 class 0x010180 conventional PCI endpoint
Aug 21 16:24:03 ip-172-31-21-130 kernel: pci 0000:00:01.1: BAR 4 [io  0xc000-0xc00f]
Aug 21 16:24:03 ip-172-31-21-130 kernel: pci 0000:00:01.1: BAR 0 [io  0x01f0-0x01f7]: legacy IDE quirk
Aug 21 16:24:03 ip-172-31-21-130 kernel: pci 0000:00:01.1: BAR 1 [io  0x03f6]: legacy IDE quirk
Aug 21 16:24:03 ip-172-31-21-130 kernel: pci 0000:00:01.1: BAR 2 [io  0x0170-0x0177]: legacy IDE quirk
Aug 21 16:24:03 ip-172-31-21-130 kernel: pci 0000:00:01.1: BAR 3 [io  0x0376]: legacy IDE quirk
Aug 21 16:24:03 ip-172-31-21-130 kernel: * Found PM-Timer Bug on the chipset. Due to workarounds for a bug,
                                         * this clock source is slow. Consider trying other clock sources
Aug 21 16:24:03 ip-172-31-21-130 kernel: pci 0000:00:01.3: [8086:7113] type 00 class 0x068000 conventional PCI endpoint
Aug 21 16:24:03 ip-172-31-21-130 kernel: pci 0000:00:01.3: quirk: [io  0xb000-0xb03f] claimed by PIIX4 ACPI
Aug 21 16:24:03 ip-172-31-21-130 kernel: pci 0000:00:02.0: [1013:00b8] type 00 class 0x030000 conventional PCI endpoint
Aug 21 16:24:03 ip-172-31-21-130 kernel: pci 0000:00:02.0: BAR 0 [mem 0xf8000000-0xf9ffffff pref]
Aug 21 16:24:03 ip-172-31-21-130 kernel: pci 0000:00:02.0: BAR 1 [mem 0xfbfff000-0xfbffffff]
Aug 21 16:24:03 ip-172-31-21-130 kernel: pci 0000:00:02.0: Video device with shadowed ROM at [mem 0x000c0000-0x000dffff]
Aug 21 16:24:03 ip-172-31-21-130 kernel: pci 0000:00:03.0: [5853:0001] type 00 class 0xff8000 conventional PCI endpoint
Aug 21 16:24:03 ip-172-31-21-130 kernel: pci 0000:00:03.0: BAR 0 [io  0xc100-0xc1ff]
Aug 21 16:24:03 ip-172-31-21-130 kernel: pci 0000:00:03.0: BAR 1 [mem 0xfa000000-0xfaffffff pref]
Aug 21 16:24:03 ip-172-31-21-130 kernel: ACPI: PCI: Interrupt link LNKA configured for IRQ 5
Aug 21 16:24:03 ip-172-31-21-130 kernel: ACPI: PCI: Interrupt link LNKA disabled
Aug 21 16:24:03 ip-172-31-21-130 kernel: ACPI: PCI: Interrupt link LNKB configured for IRQ 10
Aug 21 16:24:03 ip-172-31-21-130 kernel: ACPI: PCI: Interrupt link LNKB disabled
Aug 21 16:24:03 ip-172-31-21-130 kernel: ACPI: PCI: Interrupt link LNKC configured for IRQ 11
Aug 21 16:24:03 ip-172-31-21-130 kernel: ACPI: PCI: Interrupt link LNKC disabled
Aug 21 16:24:03 ip-172-31-21-130 kernel: ACPI: PCI: Interrupt link LNKD configured for IRQ 5
Aug 21 16:24:03 ip-172-31-21-130 kernel: ACPI: PCI: Interrupt link LNKD disabled
Aug 21 16:24:03 ip-172-31-21-130 kernel: ACPI: Unable to map lapic to logical cpu number
Aug 21 16:24:03 ip-172-31-21-130 kernel: xen:balloon: Initialising balloon driver
Aug 21 16:24:03 ip-172-31-21-130 kernel: iommu: Default domain type: Translated
Aug 21 16:24:03 ip-172-31-21-130 kernel: iommu: DMA domain TLB invalidation policy: lazy mode
Aug 21 16:24:03 ip-172-31-21-130 kernel: SCSI subsystem initialized
Aug 21 16:24:03 ip-172-31-21-130 kernel: libata version 3.00 loaded.
Aug 21 16:24:03 ip-172-31-21-130 kernel: usbcore: USB support disabled
Aug 21 16:24:03 ip-172-31-21-130 kernel: pps_core: LinuxPPS API ver. 1 registered
Aug 21 16:24:03 ip-172-31-21-130 kernel: pps_core: Software ver. 5.3.6 - Copyright 2005-2007 Rodolfo Giometti <giometti@linux.it>
Aug 21 16:24:03 ip-172-31-21-130 kernel: PTP clock support registered
Aug 21 16:24:03 ip-172-31-21-130 kernel: EDAC MC: Ver: 3.0.0
Aug 21 16:24:03 ip-172-31-21-130 kernel: NetLabel: Initializing
Aug 21 16:24:03 ip-172-31-21-130 kernel: NetLabel:  domain hash size = 128
Aug 21 16:24:03 ip-172-31-21-130 kernel: NetLabel:  protocols = UNLABELED CIPSOv4 CALIPSO
Aug 21 16:24:03 ip-172-31-21-130 kernel: NetLabel:  unlabeled traffic allowed by default
Aug 21 16:24:03 ip-172-31-21-130 kernel: mctp: management component transport protocol core
Aug 21 16:24:03 ip-172-31-21-130 kernel: NET: Registered PF_MCTP protocol family
Aug 21 16:24:03 ip-172-31-21-130 kernel: PCI: Using ACPI for IRQ routing
Aug 21 16:24:03 ip-172-31-21-130 kernel: PCI: pci_cache_line_size set to 64 bytes
Aug 21 16:24:03 ip-172-31-21-130 kernel: e820: register RAM buffer resource [mem 0x0009e000-0x0009ffff]
Aug 21 16:24:03 ip-172-31-21-130 kernel: pci 0000:00:02.0: vgaarb: setting as boot VGA device
Aug 21 16:24:03 ip-172-31-21-130 kernel: pci 0000:00:02.0: vgaarb: bridge control possible
Aug 21 16:24:03 ip-172-31-21-130 kernel: pci 0000:00:02.0: vgaarb: VGA device added: decodes=io+mem,owns=io+mem,locks=none
Aug 21 16:24:03 ip-172-31-21-130 kernel: vgaarb: loaded
Aug 21 16:24:03 ip-172-31-21-130 kernel: hpet: 3 channels of 0 reserved for per-cpu timers
Aug 21 16:24:03 ip-172-31-21-130 kernel: hpet0: at MMIO 0xfed00000, IRQs 2, 8, 0
Aug 21 16:24:03 ip-172-31-21-130 kernel: hpet0: 3 comparators, 64-bit 62.500000 MHz counter
Aug 21 16:24:03 ip-172-31-21-130 kernel: clocksource: Switched to clocksource xen
Aug 21 16:24:03 ip-172-31-21-130 kernel: VFS: Disk quotas dquot_6.6.0
Aug 21 16:24:03 ip-172-31-21-130 kernel: VFS: Dquot-cache hash table entries: 512 (order 0, 4096 bytes)
Aug 21 16:24:03 ip-172-31-21-130 kernel: vmcore: Warning: Zero PT_NOTE entries found
Aug 21 16:24:03 ip-172-31-21-130 kernel: vmcore: Warning: Zero PT_NOTE entries found
Aug 21 16:24:03 ip-172-31-21-130 kernel: vmcore: Warning: Zero PT_NOTE entries found
Aug 21 16:24:03 ip-172-31-21-130 kernel: vmcore: Warning: Zero PT_NOTE entries found
Aug 21 16:24:03 ip-172-31-21-130 kernel: vmcore: Warning: Zero PT_NOTE entries found
Aug 21 16:24:03 ip-172-31-21-130 kernel: vmcore: Warning: Zero PT_NOTE entries found
Aug 21 16:24:03 ip-172-31-21-130 kernel: vmcore: Warning: Zero PT_NOTE entries found
Aug 21 16:24:03 ip-172-31-21-130 kernel: vmcore: Warning: Zero PT_NOTE entries found
Aug 21 16:24:03 ip-172-31-21-130 kernel: vmcore: Warning: Zero PT_NOTE entries found
Aug 21 16:24:03 ip-172-31-21-130 kernel: vmcore: Warning: Zero PT_NOTE entries found
Aug 21 16:24:03 ip-172-31-21-130 kernel: vmcore: Warning: Zero PT_NOTE entries found
Aug 21 16:24:03 ip-172-31-21-130 kernel: vmcore: Warning: Zero PT_NOTE entries found
Aug 21 16:24:03 ip-172-31-21-130 kernel: vmcore: Warning: Zero PT_NOTE entries found
Aug 21 16:24:03 ip-172-31-21-130 kernel: AppArmor: AppArmor Filesystem Enabled
Aug 21 16:24:03 ip-172-31-21-130 kernel: acpi PNP0C02:00: Could not reserve [mem 0x00000000-0x0009ffff]
Aug 21 16:24:03 ip-172-31-21-130 kernel: acpi PNP0C02:01: Skipped [io  0x0010-0x001f]
Aug 21 16:24:03 ip-172-31-21-130 kernel: acpi PNP0C02:01: Skipped [io  0x0022-0x002d]
Aug 21 16:24:03 ip-172-31-21-130 kernel: acpi PNP0C02:01: Skipped [io  0x0030-0x003f]
Aug 21 16:24:03 ip-172-31-21-130 kernel: acpi PNP0C02:01: Skipped [io  0x0044-0x005f]
Aug 21 16:24:03 ip-172-31-21-130 kernel: acpi PNP0C02:01: Skipped [io  0x0062-0x0063]
Aug 21 16:24:03 ip-172-31-21-130 kernel: acpi PNP0C02:01: Skipped [io  0x0065-0x006f]
Aug 21 16:24:03 ip-172-31-21-130 kernel: acpi PNP0C02:01: Skipped [io  0x0072-0x007f]
Aug 21 16:24:03 ip-172-31-21-130 kernel: acpi PNP0C02:01: Skipped [io  0x0080]
Aug 21 16:24:03 ip-172-31-21-130 kernel: acpi PNP0C02:01: Skipped [io  0x0084-0x0086]
Aug 21 16:24:03 ip-172-31-21-130 kernel: acpi PNP0C02:01: Skipped [io  0x0088]
Aug 21 16:24:03 ip-172-31-21-130 kernel: acpi PNP0C02:01: Skipped [io  0x008c-0x008e]
Aug 21 16:24:03 ip-172-31-21-130 kernel: acpi PNP0C02:01: Skipped [io  0x0090-0x009f]
Aug 21 16:24:03 ip-172-31-21-130 kernel: acpi PNP0C02:01: Skipped [io  0x00a2-0x00bd]
Aug 21 16:24:03 ip-172-31-21-130 kernel: acpi PNP0C02:01: Skipped [io  0x00e0-0x00ef]
Aug 21 16:24:03 ip-172-31-21-130 kernel: acpi PNP0C02:01: Reserved [io  0x08a0-0x08a3]
Aug 21 16:24:03 ip-172-31-21-130 kernel: acpi PNP0C02:01: Reserved [io  0x0cc0-0x0ccf]
Aug 21 16:24:03 ip-172-31-21-130 kernel: acpi PNP0C02:01: Reserved [io  0x04d0-0x04d1]
Aug 21 16:24:03 ip-172-31-21-130 kernel: acpi PNP0C02:02: Reserved [io  0x10c0-0x1141]
Aug 21 16:24:03 ip-172-31-21-130 kernel: acpi PNP0C02:02: Reserved [io  0xb044-0xb047]
Aug 21 16:24:03 ip-172-31-21-130 kernel: pnp: PnP ACPI init
Aug 21 16:24:03 ip-172-31-21-130 kernel: xen: --> pirq=17 -> irq=8 (gsi=8)
Aug 21 16:24:03 ip-172-31-21-130 kernel: xen: --> pirq=18 -> irq=12 (gsi=12)
Aug 21 16:24:03 ip-172-31-21-130 kernel: xen: --> pirq=19 -> irq=1 (gsi=1)
Aug 21 16:24:03 ip-172-31-21-130 kernel: xen: --> pirq=20 -> irq=6 (gsi=6)
Aug 21 16:24:03 ip-172-31-21-130 kernel: pnp 00:03: [dma 2]
Aug 21 16:24:03 ip-172-31-21-130 kernel: xen: --> pirq=21 -> irq=4 (gsi=4)
Aug 21 16:24:03 ip-172-31-21-130 kernel: pnp: PnP ACPI: found 5 devices
Aug 21 16:24:03 ip-172-31-21-130 kernel: clocksource: acpi_pm: mask: 0xffffff max_cycles: 0xffffff, max_idle_ns: 2085701024 ns
Aug 21 16:24:03 ip-172-31-21-130 kernel: NET: Registered PF_INET protocol family
Aug 21 16:24:03 ip-172-31-21-130 kernel: IP idents hash table entries: 8192 (order: 4, 65536 bytes, linear)
Aug 21 16:24:03 ip-172-31-21-130 kernel: tcp_listen_portaddr_hash hash table entries: 256 (order: 0, 4096 bytes, linear)
Aug 21 16:24:03 ip-172-31-21-130 kernel: Table-perturb hash table entries: 65536 (order: 6, 262144 bytes, linear)
Aug 21 16:24:03 ip-172-31-21-130 kernel: TCP established hash table entries: 4096 (order: 3, 32768 bytes, linear)
Aug 21 16:24:03 ip-172-31-21-130 kernel: TCP bind hash table entries: 4096 (order: 5, 131072 bytes, linear)
Aug 21 16:24:03 ip-172-31-21-130 kernel: TCP: Hash tables configured (established 4096 bind 4096)
Aug 21 16:24:03 ip-172-31-21-130 kernel: MPTCP token hash table entries: 512 (order: 2, 12288 bytes, linear)
Aug 21 16:24:03 ip-172-31-21-130 kernel: UDP hash table entries: 256 (order: 2, 16384 bytes, linear)
Aug 21 16:24:03 ip-172-31-21-130 kernel: UDP-Lite hash table entries: 256 (order: 2, 16384 bytes, linear)
Aug 21 16:24:03 ip-172-31-21-130 kernel: NET: Registered PF_UNIX/PF_LOCAL protocol family
Aug 21 16:24:03 ip-172-31-21-130 kernel: NET: Registered PF_XDP protocol family
Aug 21 16:24:03 ip-172-31-21-130 kernel: pci_bus 0000:00: resource 4 [io  0x0000-0x0cf7 window]
Aug 21 16:24:03 ip-172-31-21-130 kernel: pci_bus 0000:00: resource 5 [io  0x0d00-0xffff window]
Aug 21 16:24:03 ip-172-31-21-130 kernel: pci_bus 0000:00: resource 6 [mem 0x000a0000-0x000bffff window]
Aug 21 16:24:03 ip-172-31-21-130 kernel: pci_bus 0000:00: resource 7 [mem 0xf0000000-0xffffffff window]
Aug 21 16:24:03 ip-172-31-21-130 kernel: pci 0000:00:00.0: Limiting direct PCI/PCI transfers
Aug 21 16:24:03 ip-172-31-21-130 kernel: PCI: CLS 0 bytes, default 64
Aug 21 16:24:03 ip-172-31-21-130 kernel: clocksource: tsc: mask: 0xffffffffffffffff max_cycles: 0x212733415c7, max_idle_ns: 440795236380 ns
Aug 21 16:24:03 ip-172-31-21-130 kernel: Trying to unpack rootfs image as initramfs...
Aug 21 16:24:03 ip-172-31-21-130 kernel: Initialise system trusted keyrings
Aug 21 16:24:03 ip-172-31-21-130 kernel: Key type blacklist registered
Aug 21 16:24:03 ip-172-31-21-130 kernel: workingset: timestamp_bits=36 max_order=17 bucket_order=0
Aug 21 16:24:03 ip-172-31-21-130 kernel: squashfs: version 4.0 (2009/01/31) Phillip Lougher
Aug 21 16:24:03 ip-172-31-21-130 kernel: fuse: init (API version 7.45)
Aug 21 16:24:03 ip-172-31-21-130 kernel: integrity: Platform Keyring initialized
Aug 21 16:24:03 ip-172-31-21-130 kernel: integrity: Machine keyring initialized
Aug 21 16:24:03 ip-172-31-21-130 kernel: Key type asymmetric registered
Aug 21 16:24:03 ip-172-31-21-130 kernel: Asymmetric key parser 'x509' registered
Aug 21 16:24:03 ip-172-31-21-130 kernel: Block layer SCSI generic (bsg) driver version 0.4 loaded (major 242)
Aug 21 16:24:03 ip-172-31-21-130 kernel: io scheduler mq-deadline registered
Aug 21 16:24:03 ip-172-31-21-130 kernel: ledtrig-cpu: registered to indicate activity on CPUs
Aug 21 16:24:03 ip-172-31-21-130 kernel: input: Power Button as /devices/platform/LNXPWRBN:00/input/input0
Aug 21 16:24:03 ip-172-31-21-130 kernel: ACPI: button: Power Button [PWRF]
Aug 21 16:24:03 ip-172-31-21-130 kernel: input: Sleep Button as /devices/platform/LNXSLPBN:00/input/input1
Aug 21 16:24:03 ip-172-31-21-130 kernel: ACPI: button: Sleep Button [SLPF]
Aug 21 16:24:03 ip-172-31-21-130 kernel: xen: --> pirq=22 -> irq=28 (gsi=28)
Aug 21 16:24:03 ip-172-31-21-130 kernel: xen:grant_table: Grant tables using version 1 layout
Aug 21 16:24:03 ip-172-31-21-130 kernel: Grant table initialized
Aug 21 16:24:03 ip-172-31-21-130 kernel: Cannot get hvm parameter CONSOLE_EVTCHN (18): -22!
Aug 21 16:24:03 ip-172-31-21-130 kernel: Serial: 8250/16550 driver, 4 ports, IRQ sharing enabled
Aug 21 16:24:03 ip-172-31-21-130 kernel: 00:04: ttyS0 at I/O 0x3f8 (irq = 4, base_baud = 115200) is a 16550A
Aug 21 16:24:03 ip-172-31-21-130 kernel: Linux agpgart interface v0.103
Aug 21 16:24:03 ip-172-31-21-130 kernel: loop: module loaded
Aug 21 16:24:03 ip-172-31-21-130 kernel: Invalid max_queues (4), will use default max: 1.
Aug 21 16:24:03 ip-172-31-21-130 kernel: Freeing initrd memory: 19120K
Aug 21 16:24:03 ip-172-31-21-130 kernel: Key type psk registered
Aug 21 16:24:03 ip-172-31-21-130 kernel: scsi host0: ata_piix
Aug 21 16:24:03 ip-172-31-21-130 kernel: scsi host1: ata_piix
Aug 21 16:24:03 ip-172-31-21-130 kernel: ata1: PATA max MWDMA2 cmd 0x1f0 ctl 0x3f6 bmdma 0xc000 irq 14 lpm-pol 0
Aug 21 16:24:03 ip-172-31-21-130 kernel: blkfront: xvda: barrier or flush: disabled; persistent grants: disabled; indirect descriptors: enabled; bounce buffer: disabled;
Aug 21 16:24:03 ip-172-31-21-130 kernel: ata2: PATA max MWDMA2 cmd 0x170 ctl 0x376 bmdma 0xc008 irq 15 lpm-pol 0
Aug 21 16:24:03 ip-172-31-21-130 kernel: ACPI: bus type drm_connector registered
Aug 21 16:24:03 ip-172-31-21-130 kernel: tun: Universal TUN/TAP device driver, 1.6
Aug 21 16:24:03 ip-172-31-21-130 kernel: PPP generic driver version 2.4.2
Aug 21 16:24:03 ip-172-31-21-130 kernel: xen_netfront: Initialising Xen virtual ethernet driver
Aug 21 16:24:03 ip-172-31-21-130 kernel: i8042: PNP: PS/2 Controller [PNP0303:PS2K,PNP0f13:PS2M] at 0x60,0x64 irq 1,12
Aug 21 16:24:03 ip-172-31-21-130 kernel: i8042: Warning: Keylock active
Aug 21 16:24:03 ip-172-31-21-130 kernel: serio: i8042 KBD port at 0x60,0x64 irq 1
Aug 21 16:24:03 ip-172-31-21-130 kernel: serio: i8042 AUX port at 0x60,0x64 irq 12
Aug 21 16:24:03 ip-172-31-21-130 kernel: mousedev: PS/2 mouse device common for all mice
Aug 21 16:24:03 ip-172-31-21-130 kernel: rtc_cmos 00:00: registered as rtc0
Aug 21 16:24:03 ip-172-31-21-130 kernel: rtc_cmos 00:00: setting system clock to 2026-08-21T16:24:01 UTC (1787329441)
Aug 21 16:24:03 ip-172-31-21-130 kernel: rtc_cmos 00:00: alarms up to one day, 114 bytes nvram, hpet irqs
Aug 21 16:24:03 ip-172-31-21-130 kernel: i2c_dev: i2c /dev entries driver
Aug 21 16:24:03 ip-172-31-21-130 kernel:  xvda: xvda1 xvda14 xvda15 xvda16
Aug 21 16:24:03 ip-172-31-21-130 kernel: device-mapper: core: CONFIG_IMA_DISABLE_HTABLE is disabled. Duplicate IMA measurements will not be recorded in the IMA log.
Aug 21 16:24:03 ip-172-31-21-130 kernel: device-mapper: uevent: version 1.0.3
Aug 21 16:24:03 ip-172-31-21-130 kernel: device-mapper: ioctl: 4.50.0-ioctl (2025-04-28) initialised: dm-devel@lists.linux.dev
Aug 21 16:24:03 ip-172-31-21-130 kernel: intel_pstate: CPU model not supported
Aug 21 16:24:03 ip-172-31-21-130 kernel: drop_monitor: Initializing network drop monitor service
Aug 21 16:24:03 ip-172-31-21-130 kernel: NET: Registered PF_INET6 protocol family
Aug 21 16:24:03 ip-172-31-21-130 kernel: Segment Routing with IPv6
Aug 21 16:24:03 ip-172-31-21-130 kernel: In-situ OAM (IOAM) with IPv6
Aug 21 16:24:03 ip-172-31-21-130 kernel: NET: Registered PF_PACKET protocol family
Aug 21 16:24:03 ip-172-31-21-130 kernel: Key type dns_resolver registered
Aug 21 16:24:03 ip-172-31-21-130 kernel: resctrl: No MBM correction factor available
Aug 21 16:24:03 ip-172-31-21-130 kernel: IPI shorthand broadcast: enabled
Aug 21 16:24:03 ip-172-31-21-130 kernel: sched_clock: Marking stable (323003308, 161509818)->(793539233, -309026107)
Aug 21 16:24:03 ip-172-31-21-130 kernel: registered taskstats version 1
Aug 21 16:24:03 ip-172-31-21-130 kernel: Loading compiled-in X.509 certificates
Aug 21 16:24:03 ip-172-31-21-130 kernel: Loaded X.509 cert 'Build time autogenerated kernel key: 2f24b06c1e624fb173fdac675ec9a919854884d7'
Aug 21 16:24:03 ip-172-31-21-130 kernel: Loaded X.509 cert 'Canonical Ltd. Live Patch Signing 2025 Kmod: d541cef61dc7e793b7eb7e899970a2eef0b5dc8c'
Aug 21 16:24:03 ip-172-31-21-130 kernel: Loaded X.509 cert 'Canonical Ltd. Live Patch Signing: 14df34d1a87cf37625abec039ef2bf521249b969'
Aug 21 16:24:03 ip-172-31-21-130 kernel: Loaded X.509 cert 'Canonical Ltd. Kernel Module Signing 2025 Kmod: 4627603d2357a2a3f81006370894c221175893e9'
Aug 21 16:24:03 ip-172-31-21-130 kernel: Loaded X.509 cert 'Canonical Ltd. Kernel Module Signing: 88f752e560a1e0737e31163a466ad7b70a850c19'
Aug 21 16:24:03 ip-172-31-21-130 kernel: blacklist: Loading compiled-in revocation X.509 certificates
Aug 21 16:24:03 ip-172-31-21-130 kernel: Loaded X.509 cert 'Canonical Ltd. Secure Boot Signing: 61482aa2830d0ab2ad5af10b7250da9033ddcef0'
Aug 21 16:24:03 ip-172-31-21-130 kernel: Loaded X.509 cert 'Canonical Ltd. Secure Boot Signing (2017): 242ade75ac4a15e50d50c84b0d45ff3eae707a03'
Aug 21 16:24:03 ip-172-31-21-130 kernel: Loaded X.509 cert 'Canonical Ltd. Secure Boot Signing (ESM 2018): 365188c1d374d6b07c3c8f240f8ef722433d6a8b'
Aug 21 16:24:03 ip-172-31-21-130 kernel: Loaded X.509 cert 'Canonical Ltd. Secure Boot Signing (2019): c0746fd6c5da3ae827864651ad66ae47fe24b3e8'
Aug 21 16:24:03 ip-172-31-21-130 kernel: Loaded X.509 cert 'Canonical Ltd. Secure Boot Signing (2021 v1): a8d54bbb3825cfb94fa13c9f8a594a195c107b8d'
Aug 21 16:24:03 ip-172-31-21-130 kernel: Loaded X.509 cert 'Canonical Ltd. Secure Boot Signing (2021 v2): 4cf046892d6fd3c9a5b03f98d845f90851dc6a8c'
Aug 21 16:24:03 ip-172-31-21-130 kernel: Loaded X.509 cert 'Canonical Ltd. Secure Boot Signing (2021 v3): 100437bb6de6e469b581e61cd66bce3ef4ed53af'
Aug 21 16:24:03 ip-172-31-21-130 kernel: Loaded X.509 cert 'Canonical Ltd. Secure Boot Signing (Ubuntu Core 2019): c1d57b8f6b743f23ee41f4f7ee292f06eecadfb9'
Aug 21 16:24:03 ip-172-31-21-130 kernel: Demotion targets for Node 0: null
Aug 21 16:24:03 ip-172-31-21-130 kernel: Key type .fscrypt registered
Aug 21 16:24:03 ip-172-31-21-130 kernel: Key type fscrypt-provisioning registered
Aug 21 16:24:03 ip-172-31-21-130 kernel: Key type big_key registered
Aug 21 16:24:03 ip-172-31-21-130 kernel: Key type encrypted registered
Aug 21 16:24:03 ip-172-31-21-130 kernel: AppArmor: AppArmor sha256 policy hashing enabled
Aug 21 16:24:03 ip-172-31-21-130 kernel: ima: No TPM chip found, activating TPM-bypass!
Aug 21 16:24:03 ip-172-31-21-130 kernel: Loading compiled-in module X.509 certificates
Aug 21 16:24:03 ip-172-31-21-130 kernel: Loaded X.509 cert 'Build time autogenerated kernel key: 2f24b06c1e624fb173fdac675ec9a919854884d7'
Aug 21 16:24:03 ip-172-31-21-130 kernel: ima: Allocated hash algorithm: sha256
Aug 21 16:24:03 ip-172-31-21-130 kernel: ima: No architecture policies found
Aug 21 16:24:03 ip-172-31-21-130 kernel: evm: Initialising EVM extended attributes:
Aug 21 16:24:03 ip-172-31-21-130 kernel: evm: security.selinux
Aug 21 16:24:03 ip-172-31-21-130 kernel: evm: security.SMACK64
Aug 21 16:24:03 ip-172-31-21-130 kernel: evm: security.SMACK64EXEC
Aug 21 16:24:03 ip-172-31-21-130 kernel: evm: security.SMACK64TRANSMUTE
Aug 21 16:24:03 ip-172-31-21-130 kernel: evm: security.SMACK64MMAP
Aug 21 16:24:03 ip-172-31-21-130 kernel: evm: security.apparmor
Aug 21 16:24:03 ip-172-31-21-130 kernel: evm: security.ima
Aug 21 16:24:03 ip-172-31-21-130 kernel: evm: security.capability
Aug 21 16:24:03 ip-172-31-21-130 kernel: evm: HMAC attrs: 0x1
Aug 21 16:24:03 ip-172-31-21-130 kernel: PM:   Magic number: 6:662:439
Aug 21 16:24:03 ip-172-31-21-130 kernel: RAS: Correctable Errors collector initialized.
Aug 21 16:24:03 ip-172-31-21-130 kernel: clk: Disabling unused clocks
Aug 21 16:24:03 ip-172-31-21-130 kernel: PM: genpd: Disabling unused power domains
Aug 21 16:24:03 ip-172-31-21-130 kernel: Freeing unused decrypted memory: 2028K
Aug 21 16:24:03 ip-172-31-21-130 kernel: Freeing unused kernel image (initmem) memory: 5412K
Aug 21 16:24:03 ip-172-31-21-130 kernel: Write protecting the kernel read-only data: 43008k
Aug 21 16:24:03 ip-172-31-21-130 kernel: Freeing unused kernel image (text/rodata gap) memory: 1444K
Aug 21 16:24:03 ip-172-31-21-130 kernel: Freeing unused kernel image (rodata/data gap) memory: 2044K
Aug 21 16:24:03 ip-172-31-21-130 kernel: x86/mm: Checked W+X mappings: passed, no W+X pages found.
Aug 21 16:24:03 ip-172-31-21-130 kernel: x86/mm: Checking user space page tables
Aug 21 16:24:03 ip-172-31-21-130 kernel: x86/mm: Checked W+X mappings: passed, no W+X pages found.
Aug 21 16:24:03 ip-172-31-21-130 kernel: Run /init as init process
Aug 21 16:24:03 ip-172-31-21-130 kernel:   with arguments:
Aug 21 16:24:03 ip-172-31-21-130 kernel:     /init
Aug 21 16:24:03 ip-172-31-21-130 kernel:   with environment:
Aug 21 16:24:03 ip-172-31-21-130 kernel:     HOME=/
Aug 21 16:24:03 ip-172-31-21-130 kernel:     TERM=linux
Aug 21 16:24:03 ip-172-31-21-130 kernel: cirrus-qemu 0000:00:02.0: vgaarb: deactivate vga console
Aug 21 16:24:03 ip-172-31-21-130 kernel: vif vif-0 enX0: renamed from eth0
Aug 21 16:24:03 ip-172-31-21-130 kernel: [drm] Initialized cirrus-qemu 2.0.0 for 0000:00:02.0 on minor 0
Aug 21 16:24:03 ip-172-31-21-130 kernel: fbcon: cirrus-qemudrmf (fb0) is primary device
Aug 21 16:24:03 ip-172-31-21-130 kernel: input: AT Translated Set 2 keyboard as /devices/platform/i8042/serio0/input/input2
Aug 21 16:24:03 ip-172-31-21-130 kernel: Console: switching to colour frame buffer device 100x37
Aug 21 16:24:03 ip-172-31-21-130 kernel: cirrus-qemu 0000:00:02.0: [drm] fb0: cirrus-qemudrmf frame buffer device
Aug 21 16:24:03 ip-172-31-21-130 kernel: raid6: avx2x4   gen() 29166 MB/s
Aug 21 16:24:03 ip-172-31-21-130 kernel: raid6: avx2x2   gen() 28094 MB/s
Aug 21 16:24:03 ip-172-31-21-130 kernel: raid6: avx2x1   gen() 20998 MB/s
Aug 21 16:24:03 ip-172-31-21-130 kernel: raid6: using algorithm avx2x4 gen() 29166 MB/s
Aug 21 16:24:03 ip-172-31-21-130 kernel: raid6: .... xor() 8711 MB/s, rmw enabled
Aug 21 16:24:03 ip-172-31-21-130 kernel: raid6: using avx2x2 recovery algorithm
Aug 21 16:24:03 ip-172-31-21-130 kernel: async_tx: api initialized (async)
Aug 21 16:24:03 ip-172-31-21-130 kernel: xor: automatically using best checksumming function   avx       
Aug 21 16:24:03 ip-172-31-21-130 kernel: EXT4-fs (xvda1): mounted filesystem 0ef35759-eb42-4358-9a2a-1f74696d7007 ro with ordered data mode. Quota mode: none.
Aug 21 16:24:03 ip-172-31-21-130 kernel: input: ImPS/2 Generic Wheel Mouse as /devices/platform/i8042/serio1/input/input4
Aug 21 16:24:03 ip-172-31-21-130 systemd[1]: Inserted module 'autofs4'
Aug 21 16:24:03 ip-172-31-21-130 systemd[1]: systemd 255.4-1ubuntu8.17 running in system mode (+PAM +AUDIT +SELINUX +APPARMOR +IMA +SMACK +SECCOMP +GCRYPT -GNUTLS +OPENSSL +ACL +BLKID +CURL +ELFUTILS +FIDO2 +IDN2 -IDN +IPTC +KMOD +LIBCRYPTSETUP +LIBFDISK +PCRE2 -PWQUALITY +P11KIT +QRENCODE +TPM2 +BZIP2 +LZ4 +XZ +ZLIB +ZSTD -BPF_FRAMEWORK -XKBCOMMON +UTMP +SYSVINIT default-hierarchy=unified)
Aug 21 16:24:03 ip-172-31-21-130 systemd[1]: Detected virtualization xen.
Aug 21 16:24:03 ip-172-31-21-130 systemd[1]: Detected architecture x86-64.
Aug 21 16:24:03 ip-172-31-21-130 systemd[1]: Hostname set to <ip-172-31-21-130>.
Aug 21 16:24:03 ip-172-31-21-130 systemd[1]: Created slice system-modprobe.slice - Slice /system/modprobe.
Aug 21 16:24:03 ip-172-31-21-130 systemd[1]: Created slice system-systemd\x2dfsck.slice - Slice /system/systemd-fsck.
Aug 21 16:24:03 ip-172-31-21-130 systemd[1]: Set up automount proc-sys-fs-binfmt_misc.automount - Arbitrary Executable File Formats File System Automount Point.
Aug 21 16:24:03 ip-172-31-21-130 systemd[1]: Expecting device dev-disk-by\x2dlabel-BOOT.device - /dev/disk/by-label/BOOT...
Aug 21 16:24:03 ip-172-31-21-130 systemd[1]: Expecting device dev-disk-by\x2dlabel-UEFI.device - /dev/disk/by-label/UEFI...
Aug 21 16:24:03 ip-172-31-21-130 systemd[1]: Reached target integritysetup.target - Local Integrity Protected Volumes.
Aug 21 16:24:03 ip-172-31-21-130 systemd[1]: Reached target swap.target - Swaps.
Aug 21 16:24:03 ip-172-31-21-130 systemd[1]: Reached target veritysetup.target - Local Verity Protected Volumes.
Aug 21 16:24:03 ip-172-31-21-130 systemd[1]: Listening on dm-event.socket - Device-mapper event daemon FIFOs.
Aug 21 16:24:03 ip-172-31-21-130 systemd[1]: Listening on lvm2-lvmpolld.socket - LVM2 poll daemon socket.
Aug 21 16:24:03 ip-172-31-21-130 systemd[1]: Listening on systemd-fsckd.socket - fsck to fsckd communication Socket.
Aug 21 16:24:03 ip-172-31-21-130 systemd[1]: Listening on systemd-journald-dev-log.socket - Journal Socket (/dev/log).
Aug 21 16:24:03 ip-172-31-21-130 systemd[1]: Listening on systemd-journald.socket - Journal Socket.
Aug 21 16:24:03 ip-172-31-21-130 systemd[1]: Listening on systemd-networkd.socket - Network Service Netlink Socket.
Aug 21 16:24:03 ip-172-31-21-130 systemd[1]: Listening on systemd-udevd-control.socket - udev Control Socket.
Aug 21 16:24:03 ip-172-31-21-130 systemd[1]: Listening on systemd-udevd-kernel.socket - udev Kernel Socket.
Aug 21 16:24:03 ip-172-31-21-130 systemd[1]: Mounting dev-hugepages.mount - Huge Pages File System...
Aug 21 16:24:03 ip-172-31-21-130 systemd[1]: Mounting dev-mqueue.mount - POSIX Message Queue File System...
Aug 21 16:24:03 ip-172-31-21-130 systemd[1]: Mounting sys-kernel-debug.mount - Kernel Debug File System...
Aug 21 16:24:03 ip-172-31-21-130 systemd[1]: Mounting sys-kernel-tracing.mount - Kernel Trace File System...
Aug 21 16:24:03 ip-172-31-21-130 systemd[1]: Starting systemd-journald.service - Journal Service...
Aug 21 16:24:03 ip-172-31-21-130 systemd[1]: Starting keyboard-setup.service - Set the console keyboard layout...
Aug 21 16:24:03 ip-172-31-21-130 systemd[1]: Starting kmod-static-nodes.service - Create List of Static Device Nodes...
Aug 21 16:24:03 ip-172-31-21-130 systemd[1]: Starting lvm2-monitor.service - Monitoring of LVM2 mirrors, snapshots etc. using dmeventd or progress polling...
Aug 21 16:24:03 ip-172-31-21-130 systemd[1]: Starting modprobe@configfs.service - Load Kernel Module configfs...
Aug 21 16:24:03 ip-172-31-21-130 systemd-journald[285]: Collecting audit messages is disabled.
Aug 21 16:24:03 ip-172-31-21-130 systemd[1]: Starting modprobe@dm_mod.service - Load Kernel Module dm_mod...
Aug 21 16:24:03 ip-172-31-21-130 systemd[1]: Starting modprobe@efi_pstore.service - Load Kernel Module efi_pstore...
Aug 21 16:24:03 ip-172-31-21-130 systemd-journald[285]: Journal started
Aug 21 16:24:03 ip-172-31-21-130 systemd-journald[285]: Runtime Journal (/run/log/journal/ec25dbf92fa7a8cca14e3d5e3abd2657) is 580.0K, max 4.5M, 3.9M free.
Aug 21 16:24:03 ip-172-31-21-130 systemd[1]: Starting modprobe@fuse.service - Load Kernel Module fuse...
Aug 21 16:24:03 ip-172-31-21-130 systemd[1]: Starting modprobe@loop.service - Load Kernel Module loop...
Aug 21 16:24:03 ip-172-31-21-130 systemd[1]: netplan-ovs-cleanup.service - OpenVSwitch configuration for cleanup was skipped because of an unmet condition check (ConditionFileIsExecutable=/usr/bin/ovs-vsctl).
Aug 21 16:24:03 ip-172-31-21-130 systemd[1]: Starting setvtrgb.service - Set console scheme...
Aug 21 16:24:03 ip-172-31-21-130 systemd[1]: systemd-fsck-root.service - File System Check on Root Device was skipped because of an unmet condition check (ConditionPathExists=!/run/initramfs/fsck-root).
Aug 21 16:24:03 ip-172-31-21-130 systemd[1]: Starting systemd-modules-load.service - Load Kernel Modules...
Aug 21 16:24:03 ip-172-31-21-130 systemd[1]: systemd-pcrmachine.service - TPM2 PCR Machine ID Measurement was skipped because of an unmet condition check (ConditionSecurity=measured-uki).
Aug 21 16:24:03 ip-172-31-21-130 systemd[1]: Starting systemd-remount-fs.service - Remount Root and Kernel File Systems...
Aug 21 16:24:03 ip-172-31-21-130 systemd-modules-load[300]: Module 'i2c_dev' is built in
Aug 21 16:24:03 ip-172-31-21-130 systemd[1]: systemd-tpm2-setup-early.service - TPM2 SRK Setup (Early) was skipped because of an unmet condition check (ConditionSecurity=measured-uki).
Aug 21 16:24:03 ip-172-31-21-130 systemd-modules-load[300]: Inserted module 'msr'
Aug 21 16:24:03 ip-172-31-21-130 systemd[1]: Starting systemd-udev-trigger.service - Coldplug All udev Devices...
Aug 21 16:24:03 ip-172-31-21-130 systemd[1]: Started systemd-journald.service - Journal Service.
Aug 21 16:24:03 ip-172-31-21-130 systemd-modules-load[300]: Inserted module 'dm_multipath'
Aug 21 16:24:03 ip-172-31-21-130 kernel: EXT4-fs (xvda1): re-mounted 0ef35759-eb42-4358-9a2a-1f74696d7007 r/w.
Aug 21 16:24:03 ip-172-31-21-130 systemd[1]: Mounted dev-hugepages.mount - Huge Pages File System.
Aug 21 16:24:03 ip-172-31-21-130 systemd[1]: Mounted dev-mqueue.mount - POSIX Message Queue File System.
Aug 21 16:24:03 ip-172-31-21-130 systemd[1]: Mounted sys-kernel-debug.mount - Kernel Debug File System.
Aug 21 16:24:03 ip-172-31-21-130 systemd[1]: Mounted sys-kernel-tracing.mount - Kernel Trace File System.
Aug 21 16:24:03 ip-172-31-21-130 systemd[1]: Finished keyboard-setup.service - Set the console keyboard layout.
Aug 21 16:24:03 ip-172-31-21-130 systemd[1]: Finished kmod-static-nodes.service - Create List of Static Device Nodes.
Aug 21 16:24:03 ip-172-31-21-130 systemd[1]: Finished lvm2-monitor.service - Monitoring of LVM2 mirrors, snapshots etc. using dmeventd or progress polling.
Aug 21 16:24:03 ip-172-31-21-130 systemd-modules-load[300]: Inserted module 'nf_conntrack'
Aug 21 16:24:03 ip-172-31-21-130 systemd[1]: modprobe@configfs.service: Deactivated successfully.
Aug 21 16:24:03 ip-172-31-21-130 systemd[1]: Finished modprobe@configfs.service - Load Kernel Module configfs.
Aug 21 16:24:03 ip-172-31-21-130 systemd[1]: modprobe@dm_mod.service: Deactivated successfully.
Aug 21 16:24:03 ip-172-31-21-130 systemd[1]: Finished modprobe@dm_mod.service - Load Kernel Module dm_mod.
Aug 21 16:24:03 ip-172-31-21-130 systemd[1]: modprobe@efi_pstore.service: Deactivated successfully.
Aug 21 16:24:03 ip-172-31-21-130 systemd[1]: Finished modprobe@efi_pstore.service - Load Kernel Module efi_pstore.
Aug 21 16:24:03 ip-172-31-21-130 systemd[1]: modprobe@fuse.service: Deactivated successfully.
Aug 21 16:24:03 ip-172-31-21-130 systemd[1]: Finished modprobe@fuse.service - Load Kernel Module fuse.
Aug 21 16:24:03 ip-172-31-21-130 systemd[1]: modprobe@loop.service: Deactivated successfully.
Aug 21 16:24:03 ip-172-31-21-130 systemd[1]: Finished modprobe@loop.service - Load Kernel Module loop.
Aug 21 16:24:03 ip-172-31-21-130 systemd[1]: Finished setvtrgb.service - Set console scheme.
Aug 21 16:24:03 ip-172-31-21-130 systemd[1]: Finished systemd-modules-load.service - Load Kernel Modules.
Aug 21 16:24:03 ip-172-31-21-130 systemd[1]: Finished systemd-remount-fs.service - Remount Root and Kernel File Systems.
Aug 21 16:24:03 ip-172-31-21-130 systemd[1]: Mounting sys-fs-fuse-connections.mount - FUSE Control File System...
Aug 21 16:24:03 ip-172-31-21-130 systemd[1]: Mounting sys-kernel-config.mount - Kernel Configuration File System...
Aug 21 16:24:03 ip-172-31-21-130 systemd[1]: Starting multipathd.service - Device-Mapper Multipath Device Controller...
Aug 21 16:24:03 ip-172-31-21-130 systemd[1]: systemd-hwdb-update.service - Rebuild Hardware Database was skipped because of an unmet condition check (ConditionNeedsUpdate=/etc).
Aug 21 16:24:03 ip-172-31-21-130 systemd[1]: Starting systemd-journal-flush.service - Flush Journal to Persistent Storage...
Aug 21 16:24:03 ip-172-31-21-130 systemd[1]: systemd-pstore.service - Platform Persistent Storage Archival was skipped because of an unmet condition check (ConditionDirectoryNotEmpty=/sys/fs/pstore).
Aug 21 16:24:03 ip-172-31-21-130 systemd[1]: Starting systemd-random-seed.service - Load/Save OS Random Seed...
Aug 21 16:24:03 ip-172-31-21-130 systemd[1]: systemd-repart.service - Repartition Root Disk was skipped because no trigger condition checks were met.
Aug 21 16:24:03 ip-172-31-21-130 systemd[1]: Starting systemd-sysctl.service - Apply Kernel Variables...
Aug 21 16:24:03 ip-172-31-21-130 systemd[1]: Starting systemd-tmpfiles-setup-dev-early.service - Create Static Device Nodes in /dev gracefully...
Aug 21 16:24:03 ip-172-31-21-130 systemd[1]: systemd-tpm2-setup.service - TPM2 SRK Setup was skipped because of an unmet condition check (ConditionSecurity=measured-uki).
Aug 21 16:24:03 ip-172-31-21-130 systemd[1]: Mounted sys-kernel-config.mount - Kernel Configuration File System.
Aug 21 16:24:03 ip-172-31-21-130 systemd-journald[285]: Time spent on flushing to /var/log/journal/ec25dbf92fa7a8cca14e3d5e3abd2657 is 101.948ms for 595 entries.
Aug 21 16:24:03 ip-172-31-21-130 systemd-journald[285]: System Journal (/var/log/journal/ec25dbf92fa7a8cca14e3d5e3abd2657) is 247.5M, max 4.0G, 3.7G free.
Aug 21 16:24:03 ip-172-31-21-130 systemd-journald[285]: Received client request to flush runtime journal.
Aug 21 16:24:03 ip-172-31-21-130 systemd-journald[285]: /var/log/journal/ec25dbf92fa7a8cca14e3d5e3abd2657/system.journal: Journal file uses a different sequence number ID, rotating.
Aug 21 16:24:03 ip-172-31-21-130 systemd-journald[285]: Rotating system journal.
Aug 21 16:24:03 ip-172-31-21-130 systemd[1]: Mounted sys-fs-fuse-connections.mount - FUSE Control File System.
Aug 21 16:24:03 ip-172-31-21-130 systemd[1]: Finished systemd-sysctl.service - Apply Kernel Variables.
Aug 21 16:24:03 ip-172-31-21-130 systemd[1]: Finished systemd-random-seed.service - Load/Save OS Random Seed.
Aug 21 16:24:03 ip-172-31-21-130 multipathd[331]: multipathd v0.9.4: start up
Aug 21 16:24:03 ip-172-31-21-130 multipathd[331]: reconfigure: setting up paths and maps
Aug 21 16:24:03 ip-172-31-21-130 systemd[1]: Finished systemd-tmpfiles-setup-dev-early.service - Create Static Device Nodes in /dev gracefully.
Aug 21 16:24:03 ip-172-31-21-130 systemd[1]: systemd-sysusers.service - Create System Users was skipped because no trigger condition checks were met.
Aug 21 16:24:03 ip-172-31-21-130 systemd[1]: Starting systemd-tmpfiles-setup-dev.service - Create Static Device Nodes in /dev...
Aug 21 16:24:03 ip-172-31-21-130 systemd[1]: Started multipathd.service - Device-Mapper Multipath Device Controller.
Aug 21 16:24:03 ip-172-31-21-130 systemd[1]: Finished systemd-tmpfiles-setup-dev.service - Create Static Device Nodes in /dev.
Aug 21 16:24:03 ip-172-31-21-130 systemd[1]: Finished systemd-journal-flush.service - Flush Journal to Persistent Storage.
Aug 21 16:24:03 ip-172-31-21-130 systemd[1]: Reached target local-fs-pre.target - Preparation for Local File Systems.
Aug 21 16:24:03 ip-172-31-21-130 systemd[1]: Starting systemd-udevd.service - Rule-based Manager for Device Events and Files...
Aug 21 16:24:03 ip-172-31-21-130 systemd[1]: Finished systemd-udev-trigger.service - Coldplug All udev Devices.
Aug 21 16:24:03 ip-172-31-21-130 systemd-udevd[354]: Using default interface naming scheme 'v255'.
Aug 21 16:24:03 ip-172-31-21-130 systemd[1]: Started systemd-udevd.service - Rule-based Manager for Device Events and Files.
Aug 21 16:24:03 ip-172-31-21-130 systemd[1]: plymouth-start.service - Show Plymouth Boot Screen was skipped because of an unmet condition check (ConditionKernelCommandLine=splash).
Aug 21 16:24:03 ip-172-31-21-130 systemd[1]: Started systemd-ask-password-console.path - Dispatch Password Requests to Console Directory Watch.
Aug 21 16:24:03 ip-172-31-21-130 systemd[1]: systemd-ask-password-plymouth.path - Forward Password Requests to Plymouth Directory Watch was skipped because of an unmet condition check (ConditionPathExists=/run/plymouth/pid).
Aug 21 16:24:03 ip-172-31-21-130 systemd[1]: Reached target cryptsetup.target - Local Encrypted Volumes.
Aug 21 16:24:03 ip-172-31-21-130 systemd[1]: Starting systemd-networkd.service - Network Configuration...
Aug 21 16:24:03 ip-172-31-21-130 kernel: cfg80211: Loading compiled-in X.509 certificates for regulatory database
Aug 21 16:24:03 ip-172-31-21-130 kernel: Loaded X.509 cert 'sforshee: 00b28ddf47aef9cea7'
Aug 21 16:24:03 ip-172-31-21-130 kernel: Loaded X.509 cert 'wens: 61c038651aabdcf94bd0ac7ff06c7248db18c600'
Aug 21 16:24:03 ip-172-31-21-130 kernel: faux_driver regulatory: Direct firmware load for regulatory.db failed with error -2
Aug 21 16:24:03 ip-172-31-21-130 kernel: cfg80211: failed to load regulatory.db
Aug 21 16:24:03 ip-172-31-21-130 systemd-networkd[357]: lo: Link UP
Aug 21 16:24:03 ip-172-31-21-130 systemd-networkd[357]: lo: Gained carrier
Aug 21 16:24:03 ip-172-31-21-130 systemd-networkd[357]: Enumeration completed
Aug 21 16:24:03 ip-172-31-21-130 systemd[1]: Started systemd-networkd.service - Network Configuration.
Aug 21 16:24:03 ip-172-31-21-130 systemd-networkd[357]: enX0: Configuring with /run/systemd/network/10-netplan-enX0.network.
Aug 21 16:24:03 ip-172-31-21-130 systemd[1]: Starting systemd-networkd-wait-online.service - Wait for Network to be Configured...
Aug 21 16:24:03 ip-172-31-21-130 systemd-networkd[357]: enX0: Link UP
Aug 21 16:24:03 ip-172-31-21-130 systemd-networkd[357]: enX0: Gained carrier
Aug 21 16:24:03 ip-172-31-21-130 systemd-networkd[357]: enX0: DHCPv4 address 172.31.21.130/20, gateway 172.31.16.1 acquired from 172.31.16.1
Aug 21 16:24:04 ip-172-31-21-130 (udev-worker)[363]: enX0: Could not set WakeOnLan to off, ignoring: Operation not supported
Aug 21 16:24:04 ip-172-31-21-130 systemd[1]: Found device dev-disk-by\x2dlabel-BOOT.device - /dev/disk/by-label/BOOT.
Aug 21 16:24:04 ip-172-31-21-130 systemd[1]: Starting systemd-fsck@dev-disk-by\x2dlabel-BOOT.service - File System Check on /dev/disk/by-label/BOOT...
Aug 21 16:24:04 ip-172-31-21-130 systemd[1]: Found device dev-disk-by\x2dlabel-UEFI.device - /dev/disk/by-label/UEFI.
Aug 21 16:24:04 ip-172-31-21-130 systemd[1]: Starting systemd-fsck@dev-disk-by\x2dlabel-UEFI.service - File System Check on /dev/disk/by-label/UEFI...
Aug 21 16:24:04 ip-172-31-21-130 systemd[1]: Started systemd-fsckd.service - File System Check Daemon to report status.
Aug 21 16:24:04 ip-172-31-21-130 systemd-fsck[404]: BOOT: recovering journal
Aug 21 16:24:04 ip-172-31-21-130 systemd-fsck[404]: BOOT: clean, 605/58496 files, 54967/233728 blocks
Aug 21 16:24:04 ip-172-31-21-130 systemd[1]: Finished systemd-fsck@dev-disk-by\x2dlabel-BOOT.service - File System Check on /dev/disk/by-label/BOOT.
Aug 21 16:24:04 ip-172-31-21-130 systemd[1]: Mounting boot.mount - /boot...
Aug 21 16:24:04 ip-172-31-21-130 systemd-fsck[405]: fsck.fat 4.2 (2021-01-31)
Aug 21 16:24:04 ip-172-31-21-130 systemd-fsck[405]: There are differences between boot sector and its backup.
Aug 21 16:24:04 ip-172-31-21-130 systemd-fsck[405]: This is mostly harmless. Differences: (offset:original/backup)
Aug 21 16:24:04 ip-172-31-21-130 systemd-fsck[405]:   65:01/00
Aug 21 16:24:04 ip-172-31-21-130 systemd-fsck[405]:   Not automatically fixing this.
Aug 21 16:24:04 ip-172-31-21-130 systemd-fsck[405]: Dirty bit is set. Fs was not properly unmounted and some data may be corrupt.
Aug 21 16:24:04 ip-172-31-21-130 systemd-fsck[405]:  Automatically removing dirty bit.
Aug 21 16:24:04 ip-172-31-21-130 systemd-fsck[405]: *** Filesystem was changed ***
Aug 21 16:24:04 ip-172-31-21-130 systemd-fsck[405]: Writing changes.
Aug 21 16:24:04 ip-172-31-21-130 systemd-fsck[405]: /dev/xvda15: 12 files, 12499/213663 clusters
Aug 21 16:24:04 ip-172-31-21-130 kernel: EXT4-fs (xvda16): mounted filesystem 8fb95cef-95fc-48ca-aaab-3f1b1df59748 r/w with ordered data mode. Quota mode: none.
Aug 21 16:24:04 ip-172-31-21-130 systemd[1]: Finished systemd-fsck@dev-disk-by\x2dlabel-UEFI.service - File System Check on /dev/disk/by-label/UEFI.
Aug 21 16:24:04 ip-172-31-21-130 systemd[1]: Mounted boot.mount - /boot.
Aug 21 16:24:04 ip-172-31-21-130 systemd[1]: Mounting boot-efi.mount - /boot/efi...
Aug 21 16:24:04 ip-172-31-21-130 systemd[1]: Mounted boot-efi.mount - /boot/efi.
Aug 21 16:24:04 ip-172-31-21-130 systemd[1]: Reached target local-fs.target - Local File Systems.
Aug 21 16:24:04 ip-172-31-21-130 systemd[1]: Starting apparmor.service - Load AppArmor profiles...
Aug 21 16:24:04 ip-172-31-21-130 systemd[1]: Starting finalrd.service - Create final runtime dir for shutdown pivot root...
Aug 21 16:24:04 ip-172-31-21-130 systemd[1]: ldconfig.service - Rebuild Dynamic Linker Cache was skipped because no trigger condition checks were met.
Aug 21 16:24:04 ip-172-31-21-130 systemd[1]: Starting plymouth-read-write.service - Tell Plymouth To Write Out Runtime Data...
Aug 21 16:24:04 ip-172-31-21-130 systemd[1]: Starting systemd-binfmt.service - Set Up Additional Binary Formats...
Aug 21 16:24:04 ip-172-31-21-130 systemd[1]: Starting systemd-tmpfiles-setup.service - Create Volatile Files and Directories...
Aug 21 16:24:04 ip-172-31-21-130 systemd[1]: Finished finalrd.service - Create final runtime dir for shutdown pivot root.
Aug 21 16:24:04 ip-172-31-21-130 apparmor.systemd[415]: Restarting AppArmor
Aug 21 16:24:04 ip-172-31-21-130 apparmor.systemd[415]: Reloading AppArmor profiles
Aug 21 16:24:04 ip-172-31-21-130 systemd[1]: proc-sys-fs-binfmt_misc.automount: Got automount request for /proc/sys/fs/binfmt_misc, triggered by 418 (systemd-binfmt)
Aug 21 16:24:04 ip-172-31-21-130 systemd[1]: Finished plymouth-read-write.service - Tell Plymouth To Write Out Runtime Data.
Aug 21 16:24:04 ip-172-31-21-130 kernel: audit: type=1400 audit(1787329444.408:2): apparmor="STATUS" operation="profile_load" profile="unconfined" name="brave" pid=436 comm="apparmor_parser"
Aug 21 16:24:04 ip-172-31-21-130 kernel: audit: type=1400 audit(1787329444.413:3): apparmor="STATUS" operation="profile_load" profile="unconfined" name="1password" pid=431 comm="apparmor_parser"
Aug 21 16:24:04 ip-172-31-21-130 kernel: audit: type=1400 audit(1787329444.413:4): apparmor="STATUS" operation="profile_load" profile="unconfined" name="Discord" pid=432 comm="apparmor_parser"
Aug 21 16:24:04 ip-172-31-21-130 systemd[1]: Mounting proc-sys-fs-binfmt_misc.mount - Arbitrary Executable File Formats File System...
Aug 21 16:24:04 ip-172-31-21-130 kernel: audit: type=1400 audit(1787329444.420:5): apparmor="STATUS" operation="profile_load" profile="unconfined" name=4D6F6E676F444220436F6D70617373 pid=433 comm="apparmor_parser"
Aug 21 16:24:04 ip-172-31-21-130 kernel: audit: type=1400 audit(1787329444.420:6): apparmor="STATUS" operation="profile_load" profile="unconfined" name="balena-etcher" pid=435 comm="apparmor_parser"
Aug 21 16:24:04 ip-172-31-21-130 systemd[1]: Finished systemd-tmpfiles-setup.service - Create Volatile Files and Directories.
Aug 21 16:24:04 ip-172-31-21-130 systemd[1]: systemd-firstboot.service - First Boot Wizard was skipped because of an unmet condition check (ConditionFirstBoot=yes).
Aug 21 16:24:04 ip-172-31-21-130 kernel: piix4_smbus 0000:00:01.3: SMBus base address uninitialized - upgrade BIOS or use force_addr=0xaddr
Aug 21 16:24:04 ip-172-31-21-130 kernel: audit: type=1400 audit(1787329444.429:7): apparmor="STATUS" operation="profile_load" profile="unconfined" name="buildah" pid=438 comm="apparmor_parser"
Aug 21 16:24:04 ip-172-31-21-130 systemd[1]: first-boot-complete.target - First Boot Complete was skipped because of an unmet condition check (ConditionFirstBoot=yes).
Aug 21 16:24:04 ip-172-31-21-130 systemd[1]: systemd-journal-catalog-update.service - Rebuild Journal Catalog was skipped because of an unmet condition check (ConditionNeedsUpdate=/var).
Aug 21 16:24:04 ip-172-31-21-130 systemd[1]: systemd-machine-id-commit.service - Commit a transient machine-id on disk was skipped because of an unmet condition check (ConditionPathIsMountPoint=/etc/machine-id).
Aug 21 16:24:04 ip-172-31-21-130 kernel: audit: type=1400 audit(1787329444.437:8): apparmor="STATUS" operation="profile_load" profile="unconfined" name="QtWebEngineProcess" pid=434 comm="apparmor_parser"
Aug 21 16:24:04 ip-172-31-21-130 kernel: audit: type=1400 audit(1787329444.441:9): apparmor="STATUS" operation="profile_load" profile="unconfined" name="cam" pid=440 comm="apparmor_parser"
Aug 21 16:24:04 ip-172-31-21-130 systemd[1]: Starting systemd-resolved.service - Network Name Resolution...
Aug 21 16:24:04 ip-172-31-21-130 kernel: audit: type=1400 audit(1787329444.446:10): apparmor="STATUS" operation="profile_load" profile="unconfined" name="ch-run" pid=442 comm="apparmor_parser"
Aug 21 16:24:04 ip-172-31-21-130 systemd[1]: systemd-update-done.service - Update is Completed was skipped because no trigger condition checks were met.
Aug 21 16:24:04 ip-172-31-21-130 systemd[1]: Starting systemd-update-utmp.service - Record System Boot/Shutdown in UTMP...
Aug 21 16:24:04 ip-172-31-21-130 systemd[1]: Mounted proc-sys-fs-binfmt_misc.mount - Arbitrary Executable File Formats File System.
Aug 21 16:24:04 ip-172-31-21-130 systemd[1]: Finished systemd-binfmt.service - Set Up Additional Binary Formats.
Aug 21 16:24:04 ip-172-31-21-130 systemd[1]: Finished systemd-update-utmp.service - Record System Boot/Shutdown in UTMP.
Aug 21 16:24:04 ip-172-31-21-130 systemd-resolved[444]: Positive Trust Anchors:
Aug 21 16:24:04 ip-172-31-21-130 systemd-resolved[444]: . IN DS 20326 8 2 e06d44b80b8f1d39a95c0b0d7c65d08458e880409bbc683457104237c7f8ec8d
Aug 21 16:24:04 ip-172-31-21-130 systemd-resolved[444]: Negative trust anchors: home.arpa 10.in-addr.arpa 16.172.in-addr.arpa 17.172.in-addr.arpa 18.172.in-addr.arpa 19.172.in-addr.arpa 20.172.in-addr.arpa 21.172.in-addr.arpa 22.172.in-addr.arpa 23.172.in-addr.arpa 24.172.in-addr.arpa 25.172.in-addr.arpa 26.172.in-addr.arpa 27.172.in-addr.arpa 28.172.in-addr.arpa 29.172.in-addr.arpa 30.172.in-addr.arpa 31.172.in-addr.arpa 170.0.0.192.in-addr.arpa 171.0.0.192.in-addr.arpa 168.192.in-addr.arpa d.f.ip6.arpa ipv4only.arpa corp home internal intranet lan local private test
Aug 21 16:24:04 ip-172-31-21-130 systemd-resolved[444]: Using system hostname 'ip-172-31-21-130'.
Aug 21 16:24:04 ip-172-31-21-130 systemd[1]: Started systemd-resolved.service - Network Name Resolution.
Aug 21 16:24:04 ip-172-31-21-130 systemd[1]: Reached target network.target - Network.
Aug 21 16:24:04 ip-172-31-21-130 systemd[1]: Reached target nss-lookup.target - Host and Network Name Lookups.
Aug 21 16:24:04 ip-172-31-21-130 systemd[1]: Finished apparmor.service - Load AppArmor profiles.
Aug 21 16:24:04 ip-172-31-21-130 systemd[1]: Reached target sysinit.target - System Initialization.
Aug 21 16:24:04 ip-172-31-21-130 systemd[1]: systemd-pcrphase-sysinit.service - TPM2 PCR Barrier (Initialization) was skipped because of an unmet condition check (ConditionSecurity=measured-uki).
Aug 21 16:24:04 ip-172-31-21-130 systemd[1]: systemd-pcrphase.service - TPM2 PCR Barrier (User) was skipped because of an unmet condition check (ConditionSecurity=measured-uki).
Aug 21 16:24:04 ip-172-31-21-130 systemd[1]: Listening on systemd-rfkill.socket - Load/Save RF Kill Switch Status /dev/rfkill Watch.
Aug 21 16:24:04 ip-172-31-21-130 kernel: RAPL PMU: API unit is 2^-32 Joules, 0 fixed counters, 655360 ms ovfl timer
Aug 21 16:24:05 ip-172-31-21-130 systemd-networkd[357]: enX0: Gained IPv6LL
Aug 21 16:24:05 ip-172-31-21-130 systemd[1]: Finished systemd-networkd-wait-online.service - Wait for Network to be Configured.
Aug 21 16:24:05 ip-172-31-21-130 systemd[1]: Reached target network-online.target - Network is Online.
Aug 21 16:24:05 ip-172-31-21-130 systemd[1]: Starting kdump-tools-dump.service - Kernel crash dump capture service...
Aug 21 16:24:05 ip-172-31-21-130 systemd[1]: open-iscsi.service - Login to default iSCSI targets was skipped because no trigger condition checks were met.
Aug 21 16:24:05 ip-172-31-21-130 systemd[1]: Reached target remote-fs-pre.target - Preparation for Remote File Systems.
Aug 21 16:24:05 ip-172-31-21-130 systemd[1]: Finished blk-availability.service - Availability of block devices.
Aug 21 16:24:05 ip-172-31-21-130 kdump-tools[584]: Starting kdump-tools:
Aug 21 16:24:05 ip-172-31-21-130 kdump-tools[589]:  * running makedumpfile --dump-dmesg /proc/vmcore /var/crash/202608211624/dmesg.202608211624
Aug 21 16:24:05 ip-172-31-21-130 kdump-tools[607]: The kernel version is not supported.
Aug 21 16:24:05 ip-172-31-21-130 kdump-tools[607]: The makedumpfile operation may be incomplete.
Aug 21 16:24:05 ip-172-31-21-130 kdump-tools[607]: The dmesg log is saved to /var/crash/202608211624/dmesg.202608211624.
Aug 21 16:24:05 ip-172-31-21-130 kdump-tools[607]: makedumpfile Completed.
Aug 21 16:24:05 ip-172-31-21-130 kdump-tools[589]:  * kdump-tools: saved dmesg content in /var/crash/202608211624
Aug 21 16:24:05 ip-172-31-21-130 kdump-tools[608]: saved dmesg content in /var/crash/202608211624
Aug 21 16:24:05 ip-172-31-21-130 kdump-tools[589]:  * running makedumpfile -F -c -d 31 /proc/vmcore | compress > /var/crash/202608211624/dump-incomplete
Aug 21 16:24:05 ip-172-31-21-130 kdump-tools[611]: The kernel version is not supported.
Aug 21 16:24:05 ip-172-31-21-130 kdump-tools[611]: The makedumpfile operation may be incomplete.
Aug 21 16:24:07 ip-172-31-21-130 kernel: floppy0: no floppy controllers found
Aug 21 16:24:07 ip-172-31-21-130 kernel: work still pending
Aug 21 16:24:22 ip-172-31-21-130 kdump-tools[611]: [1.7K blob data]
Aug 21 16:24:22 ip-172-31-21-130 kdump-tools[611]: The dumpfile is saved to STDOUT.
Aug 21 16:24:22 ip-172-31-21-130 kdump-tools[611]: makedumpfile Completed.
Aug 21 16:24:22 ip-172-31-21-130 kdump-tools[589]:  * kdump-tools: saved vmcore in /var/crash/202608211624
Aug 21 16:24:22 ip-172-31-21-130 kdump-tools[621]: saved vmcore in /var/crash/202608211624
Aug 21 16:24:22 ip-172-31-21-130 kdump-tools[623]: Fri, 21 Aug 2026 16:24:22 +0000